Archive member included to satisfy reference by file (symbol)

c:/program files (x86)/atollic/truestudio for stm32 9.3.0/armtools/bin/../lib/gcc/arm-atollic-eabi/6.3.1/../../../../arm-atollic-eabi/lib/armv6-m\libc_nano.a(lib_a-errno.o)
                              Src\syscalls.o (__errno)
c:/program files (x86)/atollic/truestudio for stm32 9.3.0/armtools/bin/../lib/gcc/arm-atollic-eabi/6.3.1/../../../../arm-atollic-eabi/lib/armv6-m\libc_nano.a(lib_a-impure.o)
                              c:/program files (x86)/atollic/truestudio for stm32 9.3.0/armtools/bin/../lib/gcc/arm-atollic-eabi/6.3.1/../../../../arm-atollic-eabi/lib/armv6-m\libc_nano.a(lib_a-errno.o) (_impure_ptr)
c:/program files (x86)/atollic/truestudio for stm32 9.3.0/armtools/bin/../lib/gcc/arm-atollic-eabi/6.3.1/../../../../arm-atollic-eabi/lib/armv6-m\libc_nano.a(lib_a-init.o)
                              startup\startup_stm32f030x8.o (__libc_init_array)
c:/program files (x86)/atollic/truestudio for stm32 9.3.0/armtools/bin/../lib/gcc/arm-atollic-eabi/6.3.1/../../../../arm-atollic-eabi/lib/armv6-m\libc_nano.a(lib_a-memset.o)
                              Src\main.o (memset)
c:/program files (x86)/atollic/truestudio for stm32 9.3.0/armtools/bin/../lib/gcc/arm-atollic-eabi/6.3.1/armv6-m\libgcc.a(_udivsi3.o)
                              Drivers\STM32F0xx_HAL_Driver\Src\stm32f0xx_hal.o (__aeabi_uidiv)
c:/program files (x86)/atollic/truestudio for stm32 9.3.0/armtools/bin/../lib/gcc/arm-atollic-eabi/6.3.1/armv6-m\libgcc.a(_dvmd_tls.o)
                              c:/program files (x86)/atollic/truestudio for stm32 9.3.0/armtools/bin/../lib/gcc/arm-atollic-eabi/6.3.1/armv6-m\libgcc.a(_udivsi3.o) (__aeabi_idiv0)

Allocating common symbols
Common symbol       size              file

uwTick              0x4               Drivers\STM32F0xx_HAL_Driver\Src\stm32f0xx_hal.o
pFlash              0x20              Drivers\STM32F0xx_HAL_Driver\Src\stm32f0xx_hal_flash.o
huart2              0x84              Src\main.o

Discarded input sections

 .text          0x00000000        0x0 c:/program files (x86)/atollic/truestudio for stm32 9.3.0/armtools/bin/../lib/gcc/arm-atollic-eabi/6.3.1/armv6-m/crti.o
 .data          0x00000000        0x0 c:/program files (x86)/atollic/truestudio for stm32 9.3.0/armtools/bin/../lib/gcc/arm-atollic-eabi/6.3.1/armv6-m/crti.o
 .bss           0x00000000        0x0 c:/program files (x86)/atollic/truestudio for stm32 9.3.0/armtools/bin/../lib/gcc/arm-atollic-eabi/6.3.1/armv6-m/crti.o
 .data          0x00000000        0x4 c:/program files (x86)/atollic/truestudio for stm32 9.3.0/armtools/bin/../lib/gcc/arm-atollic-eabi/6.3.1/armv6-m/crtbegin.o
 .text          0x00000000        0x0 Drivers\STM32F0xx_HAL_Driver\Src\stm32f0xx_hal.o
 .data          0x00000000        0x0 Drivers\STM32F0xx_HAL_Driver\Src\stm32f0xx_hal.o
 .bss           0x00000000        0x0 Drivers\STM32F0xx_HAL_Driver\Src\stm32f0xx_hal.o
 .text.HAL_DeInit
                0x00000000       0x40 Drivers\STM32F0xx_HAL_Driver\Src\stm32f0xx_hal.o
 .text.HAL_MspInit
                0x00000000        0xa Drivers\STM32F0xx_HAL_Driver\Src\stm32f0xx_hal.o
 .text.HAL_MspDeInit
                0x00000000        0xa Drivers\STM32F0xx_HAL_Driver\Src\stm32f0xx_hal.o
 .text.HAL_GetTickPrio
                0x00000000       0x14 Drivers\STM32F0xx_HAL_Driver\Src\stm32f0xx_hal.o
 .text.HAL_SetTickFreq
                0x00000000       0x70 Drivers\STM32F0xx_HAL_Driver\Src\stm32f0xx_hal.o
 .text.HAL_GetTickFreq
                0x00000000       0x14 Drivers\STM32F0xx_HAL_Driver\Src\stm32f0xx_hal.o
 .text.HAL_SuspendTick
                0x00000000       0x1c Drivers\STM32F0xx_HAL_Driver\Src\stm32f0xx_hal.o
 .text.HAL_ResumeTick
                0x00000000       0x1c Drivers\STM32F0xx_HAL_Driver\Src\stm32f0xx_hal.o
 .text.HAL_GetHalVersion
                0x00000000       0x10 Drivers\STM32F0xx_HAL_Driver\Src\stm32f0xx_hal.o
 .text.HAL_GetREVID
                0x00000000       0x14 Drivers\STM32F0xx_HAL_Driver\Src\stm32f0xx_hal.o
 .text.HAL_GetDEVID
                0x00000000       0x18 Drivers\STM32F0xx_HAL_Driver\Src\stm32f0xx_hal.o
 .text.HAL_GetUIDw0
                0x00000000       0x14 Drivers\STM32F0xx_HAL_Driver\Src\stm32f0xx_hal.o
 .text.HAL_GetUIDw1
                0x00000000       0x14 Drivers\STM32F0xx_HAL_Driver\Src\stm32f0xx_hal.o
 .text.HAL_GetUIDw2
                0x00000000       0x14 Drivers\STM32F0xx_HAL_Driver\Src\stm32f0xx_hal.o
 .text.HAL_DBGMCU_EnableDBGStopMode
                0x00000000       0x1c Drivers\STM32F0xx_HAL_Driver\Src\stm32f0xx_hal.o
 .text.HAL_DBGMCU_DisableDBGStopMode
                0x00000000       0x1c Drivers\STM32F0xx_HAL_Driver\Src\stm32f0xx_hal.o
 .text.HAL_DBGMCU_EnableDBGStandbyMode
                0x00000000       0x1c Drivers\STM32F0xx_HAL_Driver\Src\stm32f0xx_hal.o
 .text.HAL_DBGMCU_DisableDBGStandbyMode
                0x00000000       0x1c Drivers\STM32F0xx_HAL_Driver\Src\stm32f0xx_hal.o
 .text          0x00000000        0x0 Drivers\STM32F0xx_HAL_Driver\Src\stm32f0xx_hal_cortex.o
 .data          0x00000000        0x0 Drivers\STM32F0xx_HAL_Driver\Src\stm32f0xx_hal_cortex.o
 .bss           0x00000000        0x0 Drivers\STM32F0xx_HAL_Driver\Src\stm32f0xx_hal_cortex.o
 .text.__NVIC_EnableIRQ
                0x00000000       0x34 Drivers\STM32F0xx_HAL_Driver\Src\stm32f0xx_hal_cortex.o
 .text.__NVIC_DisableIRQ
                0x00000000       0x40 Drivers\STM32F0xx_HAL_Driver\Src\stm32f0xx_hal_cortex.o
 .text.__NVIC_GetPendingIRQ
                0x00000000       0x40 Drivers\STM32F0xx_HAL_Driver\Src\stm32f0xx_hal_cortex.o
 .text.__NVIC_SetPendingIRQ
                0x00000000       0x38 Drivers\STM32F0xx_HAL_Driver\Src\stm32f0xx_hal_cortex.o
 .text.__NVIC_ClearPendingIRQ
                0x00000000       0x38 Drivers\STM32F0xx_HAL_Driver\Src\stm32f0xx_hal_cortex.o
 .text.__NVIC_GetPriority
                0x00000000       0x7c Drivers\STM32F0xx_HAL_Driver\Src\stm32f0xx_hal_cortex.o
 .text.__NVIC_SystemReset
                0x00000000       0x20 Drivers\STM32F0xx_HAL_Driver\Src\stm32f0xx_hal_cortex.o
 .text.HAL_NVIC_EnableIRQ
                0x00000000       0x20 Drivers\STM32F0xx_HAL_Driver\Src\stm32f0xx_hal_cortex.o
 .text.HAL_NVIC_DisableIRQ
                0x00000000       0x20 Drivers\STM32F0xx_HAL_Driver\Src\stm32f0xx_hal_cortex.o
 .text.HAL_NVIC_SystemReset
                0x00000000        0x8 Drivers\STM32F0xx_HAL_Driver\Src\stm32f0xx_hal_cortex.o
 .text.HAL_NVIC_GetPriority
                0x00000000       0x22 Drivers\STM32F0xx_HAL_Driver\Src\stm32f0xx_hal_cortex.o
 .text.HAL_NVIC_SetPendingIRQ
                0x00000000       0x20 Drivers\STM32F0xx_HAL_Driver\Src\stm32f0xx_hal_cortex.o
 .text.HAL_NVIC_GetPendingIRQ
                0x00000000       0x22 Drivers\STM32F0xx_HAL_Driver\Src\stm32f0xx_hal_cortex.o
 .text.HAL_NVIC_ClearPendingIRQ
                0x00000000       0x20 Drivers\STM32F0xx_HAL_Driver\Src\stm32f0xx_hal_cortex.o
 .text.HAL_SYSTICK_CLKSourceConfig
                0x00000000       0x34 Drivers\STM32F0xx_HAL_Driver\Src\stm32f0xx_hal_cortex.o
 .text.HAL_SYSTICK_IRQHandler
                0x00000000        0xe Drivers\STM32F0xx_HAL_Driver\Src\stm32f0xx_hal_cortex.o
 .text.HAL_SYSTICK_Callback
                0x00000000        0xa Drivers\STM32F0xx_HAL_Driver\Src\stm32f0xx_hal_cortex.o
 .text          0x00000000        0x0 Drivers\STM32F0xx_HAL_Driver\Src\stm32f0xx_hal_dma.o
 .data          0x00000000        0x0 Drivers\STM32F0xx_HAL_Driver\Src\stm32f0xx_hal_dma.o
 .bss           0x00000000        0x0 Drivers\STM32F0xx_HAL_Driver\Src\stm32f0xx_hal_dma.o
 .text.HAL_DMA_Init
                0x00000000       0x90 Drivers\STM32F0xx_HAL_Driver\Src\stm32f0xx_hal_dma.o
 .text.HAL_DMA_DeInit
                0x00000000       0x92 Drivers\STM32F0xx_HAL_Driver\Src\stm32f0xx_hal_dma.o
 .text.HAL_DMA_Start
                0x00000000       0x92 Drivers\STM32F0xx_HAL_Driver\Src\stm32f0xx_hal_dma.o
 .text.HAL_DMA_Start_IT
                0x00000000       0xcc Drivers\STM32F0xx_HAL_Driver\Src\stm32f0xx_hal_dma.o
 .text.HAL_DMA_Abort
                0x00000000       0x70 Drivers\STM32F0xx_HAL_Driver\Src\stm32f0xx_hal_dma.o
 .text.HAL_DMA_Abort_IT
                0x00000000       0x8c Drivers\STM32F0xx_HAL_Driver\Src\stm32f0xx_hal_dma.o
 .text.HAL_DMA_PollForTransfer
                0x00000000      0x132 Drivers\STM32F0xx_HAL_Driver\Src\stm32f0xx_hal_dma.o
 .text.HAL_DMA_IRQHandler
                0x00000000      0x144 Drivers\STM32F0xx_HAL_Driver\Src\stm32f0xx_hal_dma.o
 .text.HAL_DMA_RegisterCallback
                0x00000000       0xa2 Drivers\STM32F0xx_HAL_Driver\Src\stm32f0xx_hal_dma.o
 .text.HAL_DMA_UnRegisterCallback
                0x00000000       0xb4 Drivers\STM32F0xx_HAL_Driver\Src\stm32f0xx_hal_dma.o
 .rodata.HAL_DMA_UnRegisterCallback
                0x00000000       0x14 Drivers\STM32F0xx_HAL_Driver\Src\stm32f0xx_hal_dma.o
 .text.HAL_DMA_GetState
                0x00000000       0x18 Drivers\STM32F0xx_HAL_Driver\Src\stm32f0xx_hal_dma.o
 .text.HAL_DMA_GetError
                0x00000000       0x14 Drivers\STM32F0xx_HAL_Driver\Src\stm32f0xx_hal_dma.o
 .text.DMA_SetConfig
                0x00000000       0x58 Drivers\STM32F0xx_HAL_Driver\Src\stm32f0xx_hal_dma.o
 .text.DMA_CalcBaseAndBitshift
                0x00000000       0x38 Drivers\STM32F0xx_HAL_Driver\Src\stm32f0xx_hal_dma.o
 .debug_info    0x00000000      0x79b Drivers\STM32F0xx_HAL_Driver\Src\stm32f0xx_hal_dma.o
 .debug_abbrev  0x00000000      0x1e8 Drivers\STM32F0xx_HAL_Driver\Src\stm32f0xx_hal_dma.o
 .debug_aranges
                0x00000000       0x88 Drivers\STM32F0xx_HAL_Driver\Src\stm32f0xx_hal_dma.o
 .debug_ranges  0x00000000       0x78 Drivers\STM32F0xx_HAL_Driver\Src\stm32f0xx_hal_dma.o
 .debug_line    0x00000000      0x41e Drivers\STM32F0xx_HAL_Driver\Src\stm32f0xx_hal_dma.o
 .debug_str     0x00000000      0x6cb Drivers\STM32F0xx_HAL_Driver\Src\stm32f0xx_hal_dma.o
 .comment       0x00000000       0x7d Drivers\STM32F0xx_HAL_Driver\Src\stm32f0xx_hal_dma.o
 .debug_frame   0x00000000      0x1d0 Drivers\STM32F0xx_HAL_Driver\Src\stm32f0xx_hal_dma.o
 .ARM.attributes
                0x00000000       0x31 Drivers\STM32F0xx_HAL_Driver\Src\stm32f0xx_hal_dma.o
 .text          0x00000000        0x0 Drivers\STM32F0xx_HAL_Driver\Src\stm32f0xx_hal_exti.o
 .data          0x00000000        0x0 Drivers\STM32F0xx_HAL_Driver\Src\stm32f0xx_hal_exti.o
 .bss           0x00000000        0x0 Drivers\STM32F0xx_HAL_Driver\Src\stm32f0xx_hal_exti.o
 .text.HAL_EXTI_SetConfigLine
                0x00000000      0x148 Drivers\STM32F0xx_HAL_Driver\Src\stm32f0xx_hal_exti.o
 .text.HAL_EXTI_GetConfigLine
                0x00000000       0xfc Drivers\STM32F0xx_HAL_Driver\Src\stm32f0xx_hal_exti.o
 .text.HAL_EXTI_ClearConfigLine
                0x00000000       0xc0 Drivers\STM32F0xx_HAL_Driver\Src\stm32f0xx_hal_exti.o
 .text.HAL_EXTI_RegisterCallback
                0x00000000       0x44 Drivers\STM32F0xx_HAL_Driver\Src\stm32f0xx_hal_exti.o
 .text.HAL_EXTI_GetHandle
                0x00000000       0x24 Drivers\STM32F0xx_HAL_Driver\Src\stm32f0xx_hal_exti.o
 .text.HAL_EXTI_IRQHandler
                0x00000000       0x48 Drivers\STM32F0xx_HAL_Driver\Src\stm32f0xx_hal_exti.o
 .text.HAL_EXTI_GetPending
                0x00000000       0x3c Drivers\STM32F0xx_HAL_Driver\Src\stm32f0xx_hal_exti.o
 .text.HAL_EXTI_ClearPending
                0x00000000       0x2c Drivers\STM32F0xx_HAL_Driver\Src\stm32f0xx_hal_exti.o
 .text.HAL_EXTI_GenerateSWI
                0x00000000       0x2c Drivers\STM32F0xx_HAL_Driver\Src\stm32f0xx_hal_exti.o
 .debug_info    0x00000000      0x59f Drivers\STM32F0xx_HAL_Driver\Src\stm32f0xx_hal_exti.o
 .debug_abbrev  0x00000000      0x1aa Drivers\STM32F0xx_HAL_Driver\Src\stm32f0xx_hal_exti.o
 .debug_aranges
                0x00000000       0x60 Drivers\STM32F0xx_HAL_Driver\Src\stm32f0xx_hal_exti.o
 .debug_ranges  0x00000000       0x50 Drivers\STM32F0xx_HAL_Driver\Src\stm32f0xx_hal_exti.o
 .debug_line    0x00000000      0x2f9 Drivers\STM32F0xx_HAL_Driver\Src\stm32f0xx_hal_exti.o
 .debug_str     0x00000000      0x495 Drivers\STM32F0xx_HAL_Driver\Src\stm32f0xx_hal_exti.o
 .comment       0x00000000       0x7d Drivers\STM32F0xx_HAL_Driver\Src\stm32f0xx_hal_exti.o
 .debug_frame   0x00000000      0x130 Drivers\STM32F0xx_HAL_Driver\Src\stm32f0xx_hal_exti.o
 .ARM.attributes
                0x00000000       0x31 Drivers\STM32F0xx_HAL_Driver\Src\stm32f0xx_hal_exti.o
 .text          0x00000000        0x0 Drivers\STM32F0xx_HAL_Driver\Src\stm32f0xx_hal_flash.o
 .data          0x00000000        0x0 Drivers\STM32F0xx_HAL_Driver\Src\stm32f0xx_hal_flash.o
 .bss           0x00000000        0x0 Drivers\STM32F0xx_HAL_Driver\Src\stm32f0xx_hal_flash.o
 .text.HAL_FLASH_Program
                0x00000000      0x130 Drivers\STM32F0xx_HAL_Driver\Src\stm32f0xx_hal_flash.o
 .text.HAL_FLASH_Program_IT
                0x00000000       0xa0 Drivers\STM32F0xx_HAL_Driver\Src\stm32f0xx_hal_flash.o
 .text.HAL_FLASH_IRQHandler
                0x00000000      0x1d0 Drivers\STM32F0xx_HAL_Driver\Src\stm32f0xx_hal_flash.o
 .text.HAL_FLASH_EndOfOperationCallback
                0x00000000       0x10 Drivers\STM32F0xx_HAL_Driver\Src\stm32f0xx_hal_flash.o
 .text.HAL_FLASH_OperationErrorCallback
                0x00000000       0x10 Drivers\STM32F0xx_HAL_Driver\Src\stm32f0xx_hal_flash.o
 .text.HAL_FLASH_Unlock
                0x00000000       0x4c Drivers\STM32F0xx_HAL_Driver\Src\stm32f0xx_hal_flash.o
 .text.HAL_FLASH_Lock
                0x00000000       0x1c Drivers\STM32F0xx_HAL_Driver\Src\stm32f0xx_hal_flash.o
 .text.HAL_FLASH_OB_Unlock
                0x00000000       0x34 Drivers\STM32F0xx_HAL_Driver\Src\stm32f0xx_hal_flash.o
 .text.HAL_FLASH_OB_Lock
                0x00000000       0x20 Drivers\STM32F0xx_HAL_Driver\Src\stm32f0xx_hal_flash.o
 .text.HAL_FLASH_OB_Launch
                0x00000000       0x2c Drivers\STM32F0xx_HAL_Driver\Src\stm32f0xx_hal_flash.o
 .text.HAL_FLASH_GetError
                0x00000000       0x14 Drivers\STM32F0xx_HAL_Driver\Src\stm32f0xx_hal_flash.o
 .text.FLASH_Program_HalfWord
                0x00000000       0x38 Drivers\STM32F0xx_HAL_Driver\Src\stm32f0xx_hal_flash.o
 .text.FLASH_WaitForLastOperation
                0x00000000       0x80 Drivers\STM32F0xx_HAL_Driver\Src\stm32f0xx_hal_flash.o
 .text.FLASH_SetErrorCode
                0x00000000       0x60 Drivers\STM32F0xx_HAL_Driver\Src\stm32f0xx_hal_flash.o
 .debug_info    0x00000000      0x572 Drivers\STM32F0xx_HAL_Driver\Src\stm32f0xx_hal_flash.o
 .debug_abbrev  0x00000000      0x200 Drivers\STM32F0xx_HAL_Driver\Src\stm32f0xx_hal_flash.o
 .debug_aranges
                0x00000000       0x88 Drivers\STM32F0xx_HAL_Driver\Src\stm32f0xx_hal_flash.o
 .debug_ranges  0x00000000       0x78 Drivers\STM32F0xx_HAL_Driver\Src\stm32f0xx_hal_flash.o
 .debug_line    0x00000000      0x3cd Drivers\STM32F0xx_HAL_Driver\Src\stm32f0xx_hal_flash.o
 .debug_str     0x00000000      0x5ae Drivers\STM32F0xx_HAL_Driver\Src\stm32f0xx_hal_flash.o
 .comment       0x00000000       0x7d Drivers\STM32F0xx_HAL_Driver\Src\stm32f0xx_hal_flash.o
 .debug_frame   0x00000000      0x1c4 Drivers\STM32F0xx_HAL_Driver\Src\stm32f0xx_hal_flash.o
 .ARM.attributes
                0x00000000       0x31 Drivers\STM32F0xx_HAL_Driver\Src\stm32f0xx_hal_flash.o
 COMMON         0x00000000       0x20 Drivers\STM32F0xx_HAL_Driver\Src\stm32f0xx_hal_flash.o
 .text          0x00000000        0x0 Drivers\STM32F0xx_HAL_Driver\Src\stm32f0xx_hal_flash_ex.o
 .data          0x00000000        0x0 Drivers\STM32F0xx_HAL_Driver\Src\stm32f0xx_hal_flash_ex.o
 .bss           0x00000000        0x0 Drivers\STM32F0xx_HAL_Driver\Src\stm32f0xx_hal_flash_ex.o
 .text.HAL_FLASHEx_Erase
                0x00000000       0xf0 Drivers\STM32F0xx_HAL_Driver\Src\stm32f0xx_hal_flash_ex.o
 .text.HAL_FLASHEx_Erase_IT
                0x00000000       0x88 Drivers\STM32F0xx_HAL_Driver\Src\stm32f0xx_hal_flash_ex.o
 .text.HAL_FLASHEx_OBErase
                0x00000000       0x9c Drivers\STM32F0xx_HAL_Driver\Src\stm32f0xx_hal_flash_ex.o
 .text.HAL_FLASHEx_OBProgram
                0x00000000      0x12c Drivers\STM32F0xx_HAL_Driver\Src\stm32f0xx_hal_flash_ex.o
 .text.HAL_FLASHEx_OBGetConfig
                0x00000000       0x38 Drivers\STM32F0xx_HAL_Driver\Src\stm32f0xx_hal_flash_ex.o
 .text.HAL_FLASHEx_OBGetUserData
                0x00000000       0x40 Drivers\STM32F0xx_HAL_Driver\Src\stm32f0xx_hal_flash_ex.o
 .text.FLASH_MassErase
                0x00000000       0x30 Drivers\STM32F0xx_HAL_Driver\Src\stm32f0xx_hal_flash_ex.o
 .text.FLASH_OB_EnableWRP
                0x00000000      0x124 Drivers\STM32F0xx_HAL_Driver\Src\stm32f0xx_hal_flash_ex.o
 .text.FLASH_OB_DisableWRP
                0x00000000      0x120 Drivers\STM32F0xx_HAL_Driver\Src\stm32f0xx_hal_flash_ex.o
 .text.FLASH_OB_RDP_LevelConfig
                0x00000000       0xc4 Drivers\STM32F0xx_HAL_Driver\Src\stm32f0xx_hal_flash_ex.o
 .text.FLASH_OB_UserConfig
                0x00000000       0x8c Drivers\STM32F0xx_HAL_Driver\Src\stm32f0xx_hal_flash_ex.o
 .text.FLASH_OB_ProgramData
                0x00000000       0x84 Drivers\STM32F0xx_HAL_Driver\Src\stm32f0xx_hal_flash_ex.o
 .text.FLASH_OB_GetWRP
                0x00000000       0x14 Drivers\STM32F0xx_HAL_Driver\Src\stm32f0xx_hal_flash_ex.o
 .text.FLASH_OB_GetRDP
                0x00000000       0x34 Drivers\STM32F0xx_HAL_Driver\Src\stm32f0xx_hal_flash_ex.o
 .text.FLASH_OB_GetUser
                0x00000000       0x1c Drivers\STM32F0xx_HAL_Driver\Src\stm32f0xx_hal_flash_ex.o
 .text.FLASH_PageErase
                0x00000000       0x3c Drivers\STM32F0xx_HAL_Driver\Src\stm32f0xx_hal_flash_ex.o
 .debug_info    0x00000000      0x75b Drivers\STM32F0xx_HAL_Driver\Src\stm32f0xx_hal_flash_ex.o
 .debug_abbrev  0x00000000      0x1eb Drivers\STM32F0xx_HAL_Driver\Src\stm32f0xx_hal_flash_ex.o
 .debug_aranges
                0x00000000       0x98 Drivers\STM32F0xx_HAL_Driver\Src\stm32f0xx_hal_flash_ex.o
 .debug_ranges  0x00000000       0x88 Drivers\STM32F0xx_HAL_Driver\Src\stm32f0xx_hal_flash_ex.o
 .debug_line    0x00000000      0x42f Drivers\STM32F0xx_HAL_Driver\Src\stm32f0xx_hal_flash_ex.o
 .debug_str     0x00000000      0x6ab Drivers\STM32F0xx_HAL_Driver\Src\stm32f0xx_hal_flash_ex.o
 .comment       0x00000000       0x7d Drivers\STM32F0xx_HAL_Driver\Src\stm32f0xx_hal_flash_ex.o
 .debug_frame   0x00000000      0x204 Drivers\STM32F0xx_HAL_Driver\Src\stm32f0xx_hal_flash_ex.o
 .ARM.attributes
                0x00000000       0x31 Drivers\STM32F0xx_HAL_Driver\Src\stm32f0xx_hal_flash_ex.o
 .text          0x00000000        0x0 Drivers\STM32F0xx_HAL_Driver\Src\stm32f0xx_hal_gpio.o
 .data          0x00000000        0x0 Drivers\STM32F0xx_HAL_Driver\Src\stm32f0xx_hal_gpio.o
 .bss           0x00000000        0x0 Drivers\STM32F0xx_HAL_Driver\Src\stm32f0xx_hal_gpio.o
 .text.HAL_GPIO_DeInit
                0x00000000      0x1a0 Drivers\STM32F0xx_HAL_Driver\Src\stm32f0xx_hal_gpio.o
 .text.HAL_GPIO_LockPin
                0x00000000       0x52 Drivers\STM32F0xx_HAL_Driver\Src\stm32f0xx_hal_gpio.o
 .text.HAL_GPIO_EXTI_IRQHandler
                0x00000000       0x38 Drivers\STM32F0xx_HAL_Driver\Src\stm32f0xx_hal_gpio.o
 .text.HAL_GPIO_EXTI_Callback
                0x00000000       0x14 Drivers\STM32F0xx_HAL_Driver\Src\stm32f0xx_hal_gpio.o
 .text          0x00000000        0x0 Drivers\STM32F0xx_HAL_Driver\Src\stm32f0xx_hal_i2c.o
 .data          0x00000000        0x0 Drivers\STM32F0xx_HAL_Driver\Src\stm32f0xx_hal_i2c.o
 .bss           0x00000000        0x0 Drivers\STM32F0xx_HAL_Driver\Src\stm32f0xx_hal_i2c.o
 .text.HAL_I2C_Init
                0x00000000      0x12c Drivers\STM32F0xx_HAL_Driver\Src\stm32f0xx_hal_i2c.o
 .text.HAL_I2C_DeInit
                0x00000000       0x60 Drivers\STM32F0xx_HAL_Driver\Src\stm32f0xx_hal_i2c.o
 .text.HAL_I2C_MspInit
                0x00000000       0x10 Drivers\STM32F0xx_HAL_Driver\Src\stm32f0xx_hal_i2c.o
 .text.HAL_I2C_MspDeInit
                0x00000000       0x10 Drivers\STM32F0xx_HAL_Driver\Src\stm32f0xx_hal_i2c.o
 .text.HAL_I2C_Master_Transmit
                0x00000000      0x210 Drivers\STM32F0xx_HAL_Driver\Src\stm32f0xx_hal_i2c.o
 .text.HAL_I2C_Master_Receive
                0x00000000      0x210 Drivers\STM32F0xx_HAL_Driver\Src\stm32f0xx_hal_i2c.o
 .text.HAL_I2C_Slave_Transmit
                0x00000000      0x22c Drivers\STM32F0xx_HAL_Driver\Src\stm32f0xx_hal_i2c.o
 .text.HAL_I2C_Slave_Receive
                0x00000000      0x214 Drivers\STM32F0xx_HAL_Driver\Src\stm32f0xx_hal_i2c.o
 .text.HAL_I2C_Master_Transmit_IT
                0x00000000       0xf8 Drivers\STM32F0xx_HAL_Driver\Src\stm32f0xx_hal_i2c.o
 .text.HAL_I2C_Master_Receive_IT
                0x00000000       0xf8 Drivers\STM32F0xx_HAL_Driver\Src\stm32f0xx_hal_i2c.o
 .text.HAL_I2C_Slave_Transmit_IT
                0x00000000       0xac Drivers\STM32F0xx_HAL_Driver\Src\stm32f0xx_hal_i2c.o
 .text.HAL_I2C_Slave_Receive_IT
                0x00000000       0xac Drivers\STM32F0xx_HAL_Driver\Src\stm32f0xx_hal_i2c.o
 .text.HAL_I2C_Master_Transmit_DMA
                0x00000000      0x20c Drivers\STM32F0xx_HAL_Driver\Src\stm32f0xx_hal_i2c.o
 .text.HAL_I2C_Master_Receive_DMA
                0x00000000      0x20c Drivers\STM32F0xx_HAL_Driver\Src\stm32f0xx_hal_i2c.o
 .text.HAL_I2C_Slave_Transmit_DMA
                0x00000000      0x184 Drivers\STM32F0xx_HAL_Driver\Src\stm32f0xx_hal_i2c.o
 .text.HAL_I2C_Slave_Receive_DMA
                0x00000000      0x184 Drivers\STM32F0xx_HAL_Driver\Src\stm32f0xx_hal_i2c.o
 .text.HAL_I2C_Mem_Write
                0x00000000      0x25c Drivers\STM32F0xx_HAL_Driver\Src\stm32f0xx_hal_i2c.o
 .text.HAL_I2C_Mem_Read
                0x00000000      0x268 Drivers\STM32F0xx_HAL_Driver\Src\stm32f0xx_hal_i2c.o
 .text.HAL_I2C_Mem_Write_IT
                0x00000000      0x150 Drivers\STM32F0xx_HAL_Driver\Src\stm32f0xx_hal_i2c.o
 .text.HAL_I2C_Mem_Read_IT
                0x00000000      0x154 Drivers\STM32F0xx_HAL_Driver\Src\stm32f0xx_hal_i2c.o
 .text.HAL_I2C_Mem_Write_DMA
                0x00000000      0x220 Drivers\STM32F0xx_HAL_Driver\Src\stm32f0xx_hal_i2c.o
 .text.HAL_I2C_Mem_Read_DMA
                0x00000000      0x224 Drivers\STM32F0xx_HAL_Driver\Src\stm32f0xx_hal_i2c.o
 .text.HAL_I2C_IsDeviceReady
                0x00000000      0x234 Drivers\STM32F0xx_HAL_Driver\Src\stm32f0xx_hal_i2c.o
 .text.HAL_I2C_Master_Seq_Transmit_IT
                0x00000000      0x124 Drivers\STM32F0xx_HAL_Driver\Src\stm32f0xx_hal_i2c.o
 .text.HAL_I2C_Master_Seq_Transmit_DMA
                0x00000000      0x234 Drivers\STM32F0xx_HAL_Driver\Src\stm32f0xx_hal_i2c.o
 .text.HAL_I2C_Master_Seq_Receive_IT
                0x00000000      0x124 Drivers\STM32F0xx_HAL_Driver\Src\stm32f0xx_hal_i2c.o
 .text.HAL_I2C_Master_Seq_Receive_DMA
                0x00000000      0x234 Drivers\STM32F0xx_HAL_Driver\Src\stm32f0xx_hal_i2c.o
 .text.HAL_I2C_Slave_Seq_Transmit_IT
                0x00000000      0x160 Drivers\STM32F0xx_HAL_Driver\Src\stm32f0xx_hal_i2c.o
 .text.HAL_I2C_Slave_Seq_Transmit_DMA
                0x00000000      0x298 Drivers\STM32F0xx_HAL_Driver\Src\stm32f0xx_hal_i2c.o
 .text.HAL_I2C_Slave_Seq_Receive_IT
                0x00000000      0x164 Drivers\STM32F0xx_HAL_Driver\Src\stm32f0xx_hal_i2c.o
 .text.HAL_I2C_Slave_Seq_Receive_DMA
                0x00000000      0x298 Drivers\STM32F0xx_HAL_Driver\Src\stm32f0xx_hal_i2c.o
 .text.HAL_I2C_EnableListen_IT
                0x00000000       0x44 Drivers\STM32F0xx_HAL_Driver\Src\stm32f0xx_hal_i2c.o
 .text.HAL_I2C_DisableListen_IT
                0x00000000       0x68 Drivers\STM32F0xx_HAL_Driver\Src\stm32f0xx_hal_i2c.o
 .text.HAL_I2C_Master_Abort_IT
                0x00000000       0xac Drivers\STM32F0xx_HAL_Driver\Src\stm32f0xx_hal_i2c.o
 .text.HAL_I2C_EV_IRQHandler
                0x00000000       0x34 Drivers\STM32F0xx_HAL_Driver\Src\stm32f0xx_hal_i2c.o
 .text.HAL_I2C_ER_IRQHandler
                0x00000000       0xb2 Drivers\STM32F0xx_HAL_Driver\Src\stm32f0xx_hal_i2c.o
 .text.HAL_I2C_MasterTxCpltCallback
                0x00000000       0x10 Drivers\STM32F0xx_HAL_Driver\Src\stm32f0xx_hal_i2c.o
 .text.HAL_I2C_MasterRxCpltCallback
                0x00000000       0x10 Drivers\STM32F0xx_HAL_Driver\Src\stm32f0xx_hal_i2c.o
 .text.HAL_I2C_SlaveTxCpltCallback
                0x00000000       0x10 Drivers\STM32F0xx_HAL_Driver\Src\stm32f0xx_hal_i2c.o
 .text.HAL_I2C_SlaveRxCpltCallback
                0x00000000       0x10 Drivers\STM32F0xx_HAL_Driver\Src\stm32f0xx_hal_i2c.o
 .text.HAL_I2C_AddrCallback
                0x00000000       0x20 Drivers\STM32F0xx_HAL_Driver\Src\stm32f0xx_hal_i2c.o
 .text.HAL_I2C_ListenCpltCallback
                0x00000000       0x10 Drivers\STM32F0xx_HAL_Driver\Src\stm32f0xx_hal_i2c.o
 .text.HAL_I2C_MemTxCpltCallback
                0x00000000       0x10 Drivers\STM32F0xx_HAL_Driver\Src\stm32f0xx_hal_i2c.o
 .text.HAL_I2C_MemRxCpltCallback
                0x00000000       0x10 Drivers\STM32F0xx_HAL_Driver\Src\stm32f0xx_hal_i2c.o
 .text.HAL_I2C_ErrorCallback
                0x00000000       0x10 Drivers\STM32F0xx_HAL_Driver\Src\stm32f0xx_hal_i2c.o
 .text.HAL_I2C_AbortCpltCallback
                0x00000000       0x10 Drivers\STM32F0xx_HAL_Driver\Src\stm32f0xx_hal_i2c.o
 .text.HAL_I2C_GetState
                0x00000000       0x18 Drivers\STM32F0xx_HAL_Driver\Src\stm32f0xx_hal_i2c.o
 .text.HAL_I2C_GetMode
                0x00000000       0x18 Drivers\STM32F0xx_HAL_Driver\Src\stm32f0xx_hal_i2c.o
 .text.HAL_I2C_GetError
                0x00000000       0x14 Drivers\STM32F0xx_HAL_Driver\Src\stm32f0xx_hal_i2c.o
 .text.I2C_Master_ISR_IT
                0x00000000      0x258 Drivers\STM32F0xx_HAL_Driver\Src\stm32f0xx_hal_i2c.o
 .text.I2C_Slave_ISR_IT
                0x00000000      0x200 Drivers\STM32F0xx_HAL_Driver\Src\stm32f0xx_hal_i2c.o
 .text.I2C_Master_ISR_DMA
                0x00000000      0x1f8 Drivers\STM32F0xx_HAL_Driver\Src\stm32f0xx_hal_i2c.o
 .text.I2C_Slave_ISR_DMA
                0x00000000      0x1d0 Drivers\STM32F0xx_HAL_Driver\Src\stm32f0xx_hal_i2c.o
 .text.I2C_RequestMemoryWrite
                0x00000000       0xc8 Drivers\STM32F0xx_HAL_Driver\Src\stm32f0xx_hal_i2c.o
 .text.I2C_RequestMemoryRead
                0x00000000       0xc4 Drivers\STM32F0xx_HAL_Driver\Src\stm32f0xx_hal_i2c.o
 .text.I2C_ITAddrCplt
                0x00000000      0x154 Drivers\STM32F0xx_HAL_Driver\Src\stm32f0xx_hal_i2c.o
 .text.I2C_ITMasterSeqCplt
                0x00000000       0x82 Drivers\STM32F0xx_HAL_Driver\Src\stm32f0xx_hal_i2c.o
 .text.I2C_ITSlaveSeqCplt
                0x00000000       0xc8 Drivers\STM32F0xx_HAL_Driver\Src\stm32f0xx_hal_i2c.o
 .text.I2C_ITMasterCplt
                0x00000000      0x19c Drivers\STM32F0xx_HAL_Driver\Src\stm32f0xx_hal_i2c.o
 .text.I2C_ITSlaveCplt
                0x00000000      0x244 Drivers\STM32F0xx_HAL_Driver\Src\stm32f0xx_hal_i2c.o
 .text.I2C_ITListenCplt
                0x00000000       0xb0 Drivers\STM32F0xx_HAL_Driver\Src\stm32f0xx_hal_i2c.o
 .text.I2C_ITError
                0x00000000      0x1cc Drivers\STM32F0xx_HAL_Driver\Src\stm32f0xx_hal_i2c.o
 .text.I2C_TreatErrorCallback
                0x00000000       0x52 Drivers\STM32F0xx_HAL_Driver\Src\stm32f0xx_hal_i2c.o
 .text.I2C_Flush_TXDR
                0x00000000       0x44 Drivers\STM32F0xx_HAL_Driver\Src\stm32f0xx_hal_i2c.o
 .text.I2C_DMAMasterTransmitCplt
                0x00000000       0xa0 Drivers\STM32F0xx_HAL_Driver\Src\stm32f0xx_hal_i2c.o
 .text.I2C_DMASlaveTransmitCplt
                0x00000000       0x48 Drivers\STM32F0xx_HAL_Driver\Src\stm32f0xx_hal_i2c.o
 .text.I2C_DMAMasterReceiveCplt
                0x00000000       0xa0 Drivers\STM32F0xx_HAL_Driver\Src\stm32f0xx_hal_i2c.o
 .text.I2C_DMASlaveReceiveCplt
                0x00000000       0x50 Drivers\STM32F0xx_HAL_Driver\Src\stm32f0xx_hal_i2c.o
 .text.I2C_DMAError
                0x00000000       0x32 Drivers\STM32F0xx_HAL_Driver\Src\stm32f0xx_hal_i2c.o
 .text.I2C_DMAAbort
                0x00000000       0x3e Drivers\STM32F0xx_HAL_Driver\Src\stm32f0xx_hal_i2c.o
 .text.I2C_WaitOnFlagUntilTimeout
                0x00000000       0x7e Drivers\STM32F0xx_HAL_Driver\Src\stm32f0xx_hal_i2c.o
 .text.I2C_WaitOnTXISFlagUntilTimeout
                0x00000000       0x7e Drivers\STM32F0xx_HAL_Driver\Src\stm32f0xx_hal_i2c.o
 .text.I2C_WaitOnSTOPFlagUntilTimeout
                0x00000000       0x78 Drivers\STM32F0xx_HAL_Driver\Src\stm32f0xx_hal_i2c.o
 .text.I2C_WaitOnRXNEFlagUntilTimeout
                0x00000000       0xd8 Drivers\STM32F0xx_HAL_Driver\Src\stm32f0xx_hal_i2c.o
 .text.I2C_IsAcknowledgeFailed
                0x00000000       0xcc Drivers\STM32F0xx_HAL_Driver\Src\stm32f0xx_hal_i2c.o
 .text.I2C_TransferConfig
                0x00000000       0x6c Drivers\STM32F0xx_HAL_Driver\Src\stm32f0xx_hal_i2c.o
 .text.I2C_Enable_IRQ
                0x00000000       0xd0 Drivers\STM32F0xx_HAL_Driver\Src\stm32f0xx_hal_i2c.o
 .text.I2C_Disable_IRQ
                0x00000000       0xc6 Drivers\STM32F0xx_HAL_Driver\Src\stm32f0xx_hal_i2c.o
 .text.I2C_ConvertOtherXferOptions
                0x00000000       0x34 Drivers\STM32F0xx_HAL_Driver\Src\stm32f0xx_hal_i2c.o
 .debug_info    0x00000000     0x1fb5 Drivers\STM32F0xx_HAL_Driver\Src\stm32f0xx_hal_i2c.o
 .debug_abbrev  0x00000000      0x234 Drivers\STM32F0xx_HAL_Driver\Src\stm32f0xx_hal_i2c.o
 .debug_aranges
                0x00000000      0x290 Drivers\STM32F0xx_HAL_Driver\Src\stm32f0xx_hal_i2c.o
 .debug_ranges  0x00000000      0x280 Drivers\STM32F0xx_HAL_Driver\Src\stm32f0xx_hal_i2c.o
 .debug_line    0x00000000     0x1613 Drivers\STM32F0xx_HAL_Driver\Src\stm32f0xx_hal_i2c.o
 .debug_str     0x00000000      0xfec Drivers\STM32F0xx_HAL_Driver\Src\stm32f0xx_hal_i2c.o
 .comment       0x00000000       0x7d Drivers\STM32F0xx_HAL_Driver\Src\stm32f0xx_hal_i2c.o
 .debug_frame   0x00000000      0x9f0 Drivers\STM32F0xx_HAL_Driver\Src\stm32f0xx_hal_i2c.o
 .ARM.attributes
                0x00000000       0x31 Drivers\STM32F0xx_HAL_Driver\Src\stm32f0xx_hal_i2c.o
 .text          0x00000000        0x0 Drivers\STM32F0xx_HAL_Driver\Src\stm32f0xx_hal_i2c_ex.o
 .data          0x00000000        0x0 Drivers\STM32F0xx_HAL_Driver\Src\stm32f0xx_hal_i2c_ex.o
 .bss           0x00000000        0x0 Drivers\STM32F0xx_HAL_Driver\Src\stm32f0xx_hal_i2c_ex.o
 .text.HAL_I2CEx_ConfigAnalogFilter
                0x00000000       0x98 Drivers\STM32F0xx_HAL_Driver\Src\stm32f0xx_hal_i2c_ex.o
 .text.HAL_I2CEx_ConfigDigitalFilter
                0x00000000       0x98 Drivers\STM32F0xx_HAL_Driver\Src\stm32f0xx_hal_i2c_ex.o
 .text.HAL_I2CEx_EnableFastModePlus
                0x00000000       0x3c Drivers\STM32F0xx_HAL_Driver\Src\stm32f0xx_hal_i2c_ex.o
 .text.HAL_I2CEx_DisableFastModePlus
                0x00000000       0x40 Drivers\STM32F0xx_HAL_Driver\Src\stm32f0xx_hal_i2c_ex.o
 .debug_info    0x00000000      0x86b Drivers\STM32F0xx_HAL_Driver\Src\stm32f0xx_hal_i2c_ex.o
 .debug_abbrev  0x00000000      0x1c3 Drivers\STM32F0xx_HAL_Driver\Src\stm32f0xx_hal_i2c_ex.o
 .debug_aranges
                0x00000000       0x38 Drivers\STM32F0xx_HAL_Driver\Src\stm32f0xx_hal_i2c_ex.o
 .debug_ranges  0x00000000       0x28 Drivers\STM32F0xx_HAL_Driver\Src\stm32f0xx_hal_i2c_ex.o
 .debug_line    0x00000000      0x2d0 Drivers\STM32F0xx_HAL_Driver\Src\stm32f0xx_hal_i2c_ex.o
 .debug_str     0x00000000      0x862 Drivers\STM32F0xx_HAL_Driver\Src\stm32f0xx_hal_i2c_ex.o
 .comment       0x00000000       0x7d Drivers\STM32F0xx_HAL_Driver\Src\stm32f0xx_hal_i2c_ex.o
 .debug_frame   0x00000000       0x90 Drivers\STM32F0xx_HAL_Driver\Src\stm32f0xx_hal_i2c_ex.o
 .ARM.attributes
                0x00000000       0x31 Drivers\STM32F0xx_HAL_Driver\Src\stm32f0xx_hal_i2c_ex.o
 .text          0x00000000        0x0 Drivers\STM32F0xx_HAL_Driver\Src\stm32f0xx_hal_pwr.o
 .data          0x00000000        0x0 Drivers\STM32F0xx_HAL_Driver\Src\stm32f0xx_hal_pwr.o
 .bss           0x00000000        0x0 Drivers\STM32F0xx_HAL_Driver\Src\stm32f0xx_hal_pwr.o
 .text.HAL_PWR_DeInit
                0x00000000       0x2c Drivers\STM32F0xx_HAL_Driver\Src\stm32f0xx_hal_pwr.o
 .text.HAL_PWR_EnableBkUpAccess
                0x00000000       0x1c Drivers\STM32F0xx_HAL_Driver\Src\stm32f0xx_hal_pwr.o
 .text.HAL_PWR_DisableBkUpAccess
                0x00000000       0x20 Drivers\STM32F0xx_HAL_Driver\Src\stm32f0xx_hal_pwr.o
 .text.HAL_PWR_EnableWakeUpPin
                0x00000000       0x20 Drivers\STM32F0xx_HAL_Driver\Src\stm32f0xx_hal_pwr.o
 .text.HAL_PWR_DisableWakeUpPin
                0x00000000       0x24 Drivers\STM32F0xx_HAL_Driver\Src\stm32f0xx_hal_pwr.o
 .text.HAL_PWR_EnterSLEEPMode
                0x00000000       0x38 Drivers\STM32F0xx_HAL_Driver\Src\stm32f0xx_hal_pwr.o
 .text.HAL_PWR_EnterSTOPMode
                0x00000000       0x68 Drivers\STM32F0xx_HAL_Driver\Src\stm32f0xx_hal_pwr.o
 .text.HAL_PWR_EnterSTANDBYMode
                0x00000000       0x2c Drivers\STM32F0xx_HAL_Driver\Src\stm32f0xx_hal_pwr.o
 .text.HAL_PWR_EnableSleepOnExit
                0x00000000       0x1c Drivers\STM32F0xx_HAL_Driver\Src\stm32f0xx_hal_pwr.o
 .text.HAL_PWR_DisableSleepOnExit
                0x00000000       0x1c Drivers\STM32F0xx_HAL_Driver\Src\stm32f0xx_hal_pwr.o
 .text.HAL_PWR_EnableSEVOnPend
                0x00000000       0x1c Drivers\STM32F0xx_HAL_Driver\Src\stm32f0xx_hal_pwr.o
 .text.HAL_PWR_DisableSEVOnPend
                0x00000000       0x1c Drivers\STM32F0xx_HAL_Driver\Src\stm32f0xx_hal_pwr.o
 .debug_info    0x00000000      0x43c Drivers\STM32F0xx_HAL_Driver\Src\stm32f0xx_hal_pwr.o
 .debug_abbrev  0x00000000      0x15a Drivers\STM32F0xx_HAL_Driver\Src\stm32f0xx_hal_pwr.o
 .debug_aranges
                0x00000000       0x78 Drivers\STM32F0xx_HAL_Driver\Src\stm32f0xx_hal_pwr.o
 .debug_ranges  0x00000000       0x68 Drivers\STM32F0xx_HAL_Driver\Src\stm32f0xx_hal_pwr.o
 .debug_line    0x00000000      0x2dd Drivers\STM32F0xx_HAL_Driver\Src\stm32f0xx_hal_pwr.o
 .debug_str     0x00000000      0x45c Drivers\STM32F0xx_HAL_Driver\Src\stm32f0xx_hal_pwr.o
 .comment       0x00000000       0x7d Drivers\STM32F0xx_HAL_Driver\Src\stm32f0xx_hal_pwr.o
 .debug_frame   0x00000000      0x170 Drivers\STM32F0xx_HAL_Driver\Src\stm32f0xx_hal_pwr.o
 .ARM.attributes
                0x00000000       0x31 Drivers\STM32F0xx_HAL_Driver\Src\stm32f0xx_hal_pwr.o
 .text          0x00000000        0x0 Drivers\STM32F0xx_HAL_Driver\Src\stm32f0xx_hal_pwr_ex.o
 .data          0x00000000        0x0 Drivers\STM32F0xx_HAL_Driver\Src\stm32f0xx_hal_pwr_ex.o
 .bss           0x00000000        0x0 Drivers\STM32F0xx_HAL_Driver\Src\stm32f0xx_hal_pwr_ex.o
 .debug_info    0x00000000      0x147 Drivers\STM32F0xx_HAL_Driver\Src\stm32f0xx_hal_pwr_ex.o
 .debug_abbrev  0x00000000       0x8d Drivers\STM32F0xx_HAL_Driver\Src\stm32f0xx_hal_pwr_ex.o
 .debug_aranges
                0x00000000       0x18 Drivers\STM32F0xx_HAL_Driver\Src\stm32f0xx_hal_pwr_ex.o
 .debug_line    0x00000000      0x17c Drivers\STM32F0xx_HAL_Driver\Src\stm32f0xx_hal_pwr_ex.o
 .debug_str     0x00000000      0x27c Drivers\STM32F0xx_HAL_Driver\Src\stm32f0xx_hal_pwr_ex.o
 .comment       0x00000000       0x7d Drivers\STM32F0xx_HAL_Driver\Src\stm32f0xx_hal_pwr_ex.o
 .ARM.attributes
                0x00000000       0x31 Drivers\STM32F0xx_HAL_Driver\Src\stm32f0xx_hal_pwr_ex.o
 .text          0x00000000        0x0 Drivers\STM32F0xx_HAL_Driver\Src\stm32f0xx_hal_rcc.o
 .data          0x00000000        0x0 Drivers\STM32F0xx_HAL_Driver\Src\stm32f0xx_hal_rcc.o
 .bss           0x00000000        0x0 Drivers\STM32F0xx_HAL_Driver\Src\stm32f0xx_hal_rcc.o
 .text.HAL_RCC_DeInit
                0x00000000      0x10c Drivers\STM32F0xx_HAL_Driver\Src\stm32f0xx_hal_rcc.o
 .text.HAL_RCC_MCOConfig
                0x00000000       0x84 Drivers\STM32F0xx_HAL_Driver\Src\stm32f0xx_hal_rcc.o
 .text.HAL_RCC_EnableCSS
                0x00000000       0x1c Drivers\STM32F0xx_HAL_Driver\Src\stm32f0xx_hal_rcc.o
 .text.HAL_RCC_DisableCSS
                0x00000000       0x20 Drivers\STM32F0xx_HAL_Driver\Src\stm32f0xx_hal_rcc.o
 .text.HAL_RCC_GetOscConfig
                0x00000000      0x134 Drivers\STM32F0xx_HAL_Driver\Src\stm32f0xx_hal_rcc.o
 .text.HAL_RCC_GetClockConfig
                0x00000000       0x54 Drivers\STM32F0xx_HAL_Driver\Src\stm32f0xx_hal_rcc.o
 .text.HAL_RCC_NMI_IRQHandler
                0x00000000       0x28 Drivers\STM32F0xx_HAL_Driver\Src\stm32f0xx_hal_rcc.o
 .text.HAL_RCC_CSSCallback
                0x00000000        0xa Drivers\STM32F0xx_HAL_Driver\Src\stm32f0xx_hal_rcc.o
 .text          0x00000000        0x0 Drivers\STM32F0xx_HAL_Driver\Src\stm32f0xx_hal_rcc_ex.o
 .data          0x00000000        0x0 Drivers\STM32F0xx_HAL_Driver\Src\stm32f0xx_hal_rcc_ex.o
 .bss           0x00000000        0x0 Drivers\STM32F0xx_HAL_Driver\Src\stm32f0xx_hal_rcc_ex.o
 .text.HAL_RCCEx_PeriphCLKConfig
                0x00000000      0x19c Drivers\STM32F0xx_HAL_Driver\Src\stm32f0xx_hal_rcc_ex.o
 .text.HAL_RCCEx_GetPeriphCLKConfig
                0x00000000       0x44 Drivers\STM32F0xx_HAL_Driver\Src\stm32f0xx_hal_rcc_ex.o
 .text.HAL_RCCEx_GetPeriphCLKFreq
                0x00000000      0x144 Drivers\STM32F0xx_HAL_Driver\Src\stm32f0xx_hal_rcc_ex.o
 .debug_info    0x00000000      0x3cb Drivers\STM32F0xx_HAL_Driver\Src\stm32f0xx_hal_rcc_ex.o
 .debug_abbrev  0x00000000      0x170 Drivers\STM32F0xx_HAL_Driver\Src\stm32f0xx_hal_rcc_ex.o
 .debug_aranges
                0x00000000       0x30 Drivers\STM32F0xx_HAL_Driver\Src\stm32f0xx_hal_rcc_ex.o
 .debug_ranges  0x00000000       0x20 Drivers\STM32F0xx_HAL_Driver\Src\stm32f0xx_hal_rcc_ex.o
 .debug_line    0x00000000      0x2dd Drivers\STM32F0xx_HAL_Driver\Src\stm32f0xx_hal_rcc_ex.o
 .debug_str     0x00000000      0x42f Drivers\STM32F0xx_HAL_Driver\Src\stm32f0xx_hal_rcc_ex.o
 .comment       0x00000000       0x7d Drivers\STM32F0xx_HAL_Driver\Src\stm32f0xx_hal_rcc_ex.o
 .debug_frame   0x00000000       0x70 Drivers\STM32F0xx_HAL_Driver\Src\stm32f0xx_hal_rcc_ex.o
 .ARM.attributes
                0x00000000       0x31 Drivers\STM32F0xx_HAL_Driver\Src\stm32f0xx_hal_rcc_ex.o
 .text          0x00000000        0x0 Drivers\STM32F0xx_HAL_Driver\Src\stm32f0xx_hal_tim.o
 .data          0x00000000        0x0 Drivers\STM32F0xx_HAL_Driver\Src\stm32f0xx_hal_tim.o
 .bss           0x00000000        0x0 Drivers\STM32F0xx_HAL_Driver\Src\stm32f0xx_hal_tim.o
 .debug_info    0x00000000      0x147 Drivers\STM32F0xx_HAL_Driver\Src\stm32f0xx_hal_tim.o
 .debug_abbrev  0x00000000       0x8d Drivers\STM32F0xx_HAL_Driver\Src\stm32f0xx_hal_tim.o
 .debug_aranges
                0x00000000       0x18 Drivers\STM32F0xx_HAL_Driver\Src\stm32f0xx_hal_tim.o
 .debug_line    0x00000000      0x17c Drivers\STM32F0xx_HAL_Driver\Src\stm32f0xx_hal_tim.o
 .debug_str     0x00000000      0x279 Drivers\STM32F0xx_HAL_Driver\Src\stm32f0xx_hal_tim.o
 .comment       0x00000000       0x7d Drivers\STM32F0xx_HAL_Driver\Src\stm32f0xx_hal_tim.o
 .ARM.attributes
                0x00000000       0x31 Drivers\STM32F0xx_HAL_Driver\Src\stm32f0xx_hal_tim.o
 .text          0x00000000        0x0 Drivers\STM32F0xx_HAL_Driver\Src\stm32f0xx_hal_tim_ex.o
 .data          0x00000000        0x0 Drivers\STM32F0xx_HAL_Driver\Src\stm32f0xx_hal_tim_ex.o
 .bss           0x00000000        0x0 Drivers\STM32F0xx_HAL_Driver\Src\stm32f0xx_hal_tim_ex.o
 .debug_info    0x00000000      0x147 Drivers\STM32F0xx_HAL_Driver\Src\stm32f0xx_hal_tim_ex.o
 .debug_abbrev  0x00000000       0x8d Drivers\STM32F0xx_HAL_Driver\Src\stm32f0xx_hal_tim_ex.o
 .debug_aranges
                0x00000000       0x18 Drivers\STM32F0xx_HAL_Driver\Src\stm32f0xx_hal_tim_ex.o
 .debug_line    0x00000000      0x17c Drivers\STM32F0xx_HAL_Driver\Src\stm32f0xx_hal_tim_ex.o
 .debug_str     0x00000000      0x27c Drivers\STM32F0xx_HAL_Driver\Src\stm32f0xx_hal_tim_ex.o
 .comment       0x00000000       0x7d Drivers\STM32F0xx_HAL_Driver\Src\stm32f0xx_hal_tim_ex.o
 .ARM.attributes
                0x00000000       0x31 Drivers\STM32F0xx_HAL_Driver\Src\stm32f0xx_hal_tim_ex.o
 .text          0x00000000        0x0 Drivers\STM32F0xx_HAL_Driver\Src\stm32f0xx_hal_uart.o
 .data          0x00000000        0x0 Drivers\STM32F0xx_HAL_Driver\Src\stm32f0xx_hal_uart.o
 .bss           0x00000000        0x0 Drivers\STM32F0xx_HAL_Driver\Src\stm32f0xx_hal_uart.o
 .text.HAL_HalfDuplex_Init
                0x00000000       0xa8 Drivers\STM32F0xx_HAL_Driver\Src\stm32f0xx_hal_uart.o
 .text.HAL_MultiProcessor_Init
                0x00000000       0xec Drivers\STM32F0xx_HAL_Driver\Src\stm32f0xx_hal_uart.o
 .text.HAL_UART_DeInit
                0x00000000       0x74 Drivers\STM32F0xx_HAL_Driver\Src\stm32f0xx_hal_uart.o
 .text.HAL_UART_MspInit
                0x00000000       0x10 Drivers\STM32F0xx_HAL_Driver\Src\stm32f0xx_hal_uart.o
 .text.HAL_UART_MspDeInit
                0x00000000       0x10 Drivers\STM32F0xx_HAL_Driver\Src\stm32f0xx_hal_uart.o
 .text.HAL_UART_Transmit
                0x00000000      0x152 Drivers\STM32F0xx_HAL_Driver\Src\stm32f0xx_hal_uart.o
 .text.HAL_UART_Receive
                0x00000000      0x1b8 Drivers\STM32F0xx_HAL_Driver\Src\stm32f0xx_hal_uart.o
 .text.HAL_UART_Transmit_IT
                0x00000000       0xdc Drivers\STM32F0xx_HAL_Driver\Src\stm32f0xx_hal_uart.o
 .text.HAL_UART_Receive_IT
                0x00000000       0xa0 Drivers\STM32F0xx_HAL_Driver\Src\stm32f0xx_hal_uart.o
 .text.HAL_UART_Transmit_DMA
                0x00000000      0x124 Drivers\STM32F0xx_HAL_Driver\Src\stm32f0xx_hal_uart.o
 .text.HAL_UART_Receive_DMA
                0x00000000       0xa0 Drivers\STM32F0xx_HAL_Driver\Src\stm32f0xx_hal_uart.o
 .text.HAL_UART_DMAPause
                0x00000000       0xa8 Drivers\STM32F0xx_HAL_Driver\Src\stm32f0xx_hal_uart.o
 .text.HAL_UART_DMAResume
                0x00000000       0x8a Drivers\STM32F0xx_HAL_Driver\Src\stm32f0xx_hal_uart.o
 .text.HAL_UART_DMAStop
                0x00000000       0xda Drivers\STM32F0xx_HAL_Driver\Src\stm32f0xx_hal_uart.o
 .text.HAL_UART_Abort
                0x00000000      0x140 Drivers\STM32F0xx_HAL_Driver\Src\stm32f0xx_hal_uart.o
 .text.HAL_UART_AbortTransmit
                0x00000000       0x88 Drivers\STM32F0xx_HAL_Driver\Src\stm32f0xx_hal_uart.o
 .text.HAL_UART_AbortReceive
                0x00000000       0xd4 Drivers\STM32F0xx_HAL_Driver\Src\stm32f0xx_hal_uart.o
 .text.HAL_UART_Abort_IT
                0x00000000      0x190 Drivers\STM32F0xx_HAL_Driver\Src\stm32f0xx_hal_uart.o
 .text.HAL_UART_AbortTransmit_IT
                0x00000000       0xac Drivers\STM32F0xx_HAL_Driver\Src\stm32f0xx_hal_uart.o
 .text.HAL_UART_AbortReceive_IT
                0x00000000      0x104 Drivers\STM32F0xx_HAL_Driver\Src\stm32f0xx_hal_uart.o
 .text.HAL_UART_IRQHandler
                0x00000000      0x3e8 Drivers\STM32F0xx_HAL_Driver\Src\stm32f0xx_hal_uart.o
 .text.HAL_UART_TxCpltCallback
                0x00000000       0x10 Drivers\STM32F0xx_HAL_Driver\Src\stm32f0xx_hal_uart.o
 .text.HAL_UART_TxHalfCpltCallback
                0x00000000       0x10 Drivers\STM32F0xx_HAL_Driver\Src\stm32f0xx_hal_uart.o
 .text.HAL_UART_RxCpltCallback
                0x00000000       0x10 Drivers\STM32F0xx_HAL_Driver\Src\stm32f0xx_hal_uart.o
 .text.HAL_UART_RxHalfCpltCallback
                0x00000000       0x10 Drivers\STM32F0xx_HAL_Driver\Src\stm32f0xx_hal_uart.o
 .text.HAL_UART_ErrorCallback
                0x00000000       0x10 Drivers\STM32F0xx_HAL_Driver\Src\stm32f0xx_hal_uart.o
 .text.HAL_UART_AbortCpltCallback
                0x00000000       0x10 Drivers\STM32F0xx_HAL_Driver\Src\stm32f0xx_hal_uart.o
 .text.HAL_UART_AbortTransmitCpltCallback
                0x00000000       0x10 Drivers\STM32F0xx_HAL_Driver\Src\stm32f0xx_hal_uart.o
 .text.HAL_UART_AbortReceiveCpltCallback
                0x00000000       0x10 Drivers\STM32F0xx_HAL_Driver\Src\stm32f0xx_hal_uart.o
 .text.HAL_UARTEx_RxEventCallback
                0x00000000       0x16 Drivers\STM32F0xx_HAL_Driver\Src\stm32f0xx_hal_uart.o
 .text.HAL_UART_ReceiverTimeout_Config
                0x00000000       0x26 Drivers\STM32F0xx_HAL_Driver\Src\stm32f0xx_hal_uart.o
 .text.HAL_UART_EnableReceiverTimeout
                0x00000000       0x5a Drivers\STM32F0xx_HAL_Driver\Src\stm32f0xx_hal_uart.o
 .text.HAL_UART_DisableReceiverTimeout
                0x00000000       0x5c Drivers\STM32F0xx_HAL_Driver\Src\stm32f0xx_hal_uart.o
 .text.HAL_MultiProcessor_EnableMuteMode
                0x00000000       0x4e Drivers\STM32F0xx_HAL_Driver\Src\stm32f0xx_hal_uart.o
 .text.HAL_MultiProcessor_DisableMuteMode
                0x00000000       0x50 Drivers\STM32F0xx_HAL_Driver\Src\stm32f0xx_hal_uart.o
 .text.HAL_MultiProcessor_EnterMuteMode
                0x00000000       0x20 Drivers\STM32F0xx_HAL_Driver\Src\stm32f0xx_hal_uart.o
 .text.HAL_HalfDuplex_EnableTransmitter
                0x00000000       0x5c Drivers\STM32F0xx_HAL_Driver\Src\stm32f0xx_hal_uart.o
 .text.HAL_HalfDuplex_EnableReceiver
                0x00000000       0x5c Drivers\STM32F0xx_HAL_Driver\Src\stm32f0xx_hal_uart.o
 .text.HAL_UART_GetState
                0x00000000       0x22 Drivers\STM32F0xx_HAL_Driver\Src\stm32f0xx_hal_uart.o
 .text.HAL_UART_GetError
                0x00000000       0x16 Drivers\STM32F0xx_HAL_Driver\Src\stm32f0xx_hal_uart.o
 .text.UART_Start_Receive_IT
                0x00000000       0xf4 Drivers\STM32F0xx_HAL_Driver\Src\stm32f0xx_hal_uart.o
 .text.UART_Start_Receive_DMA
                0x00000000       0xdc Drivers\STM32F0xx_HAL_Driver\Src\stm32f0xx_hal_uart.o
 .text.UART_EndTxTransfer
                0x00000000       0x26 Drivers\STM32F0xx_HAL_Driver\Src\stm32f0xx_hal_uart.o
 .text.UART_EndRxTransfer
                0x00000000       0x60 Drivers\STM32F0xx_HAL_Driver\Src\stm32f0xx_hal_uart.o
 .text.UART_DMATransmitCplt
                0x00000000       0x50 Drivers\STM32F0xx_HAL_Driver\Src\stm32f0xx_hal_uart.o
 .text.UART_DMATxHalfCplt
                0x00000000       0x1e Drivers\STM32F0xx_HAL_Driver\Src\stm32f0xx_hal_uart.o
 .text.UART_DMAReceiveCplt
                0x00000000       0x9c Drivers\STM32F0xx_HAL_Driver\Src\stm32f0xx_hal_uart.o
 .text.UART_DMARxHalfCplt
                0x00000000       0x3c Drivers\STM32F0xx_HAL_Driver\Src\stm32f0xx_hal_uart.o
 .text.UART_DMAError
                0x00000000       0x82 Drivers\STM32F0xx_HAL_Driver\Src\stm32f0xx_hal_uart.o
 .text.UART_DMAAbortOnError
                0x00000000       0x2e Drivers\STM32F0xx_HAL_Driver\Src\stm32f0xx_hal_uart.o
 .text.UART_DMATxAbortCallback
                0x00000000       0x6c Drivers\STM32F0xx_HAL_Driver\Src\stm32f0xx_hal_uart.o
 .text.UART_DMARxAbortCallback
                0x00000000       0x7c Drivers\STM32F0xx_HAL_Driver\Src\stm32f0xx_hal_uart.o
 .text.UART_DMATxOnlyAbortCallback
                0x00000000       0x2c Drivers\STM32F0xx_HAL_Driver\Src\stm32f0xx_hal_uart.o
 .text.UART_DMARxOnlyAbortCallback
                0x00000000       0x4a Drivers\STM32F0xx_HAL_Driver\Src\stm32f0xx_hal_uart.o
 .text.UART_TxISR_8BIT
                0x00000000       0x70 Drivers\STM32F0xx_HAL_Driver\Src\stm32f0xx_hal_uart.o
 .text.UART_TxISR_16BIT
                0x00000000       0x78 Drivers\STM32F0xx_HAL_Driver\Src\stm32f0xx_hal_uart.o
 .text.UART_EndTransmit_IT
                0x00000000       0x34 Drivers\STM32F0xx_HAL_Driver\Src\stm32f0xx_hal_uart.o
 .text.UART_RxISR_8BIT
                0x00000000       0xec Drivers\STM32F0xx_HAL_Driver\Src\stm32f0xx_hal_uart.o
 .text.UART_RxISR_16BIT
                0x00000000       0xec Drivers\STM32F0xx_HAL_Driver\Src\stm32f0xx_hal_uart.o
 .text          0x00000000        0x0 Drivers\STM32F0xx_HAL_Driver\Src\stm32f0xx_hal_uart_ex.o
 .data          0x00000000        0x0 Drivers\STM32F0xx_HAL_Driver\Src\stm32f0xx_hal_uart_ex.o
 .bss           0x00000000        0x0 Drivers\STM32F0xx_HAL_Driver\Src\stm32f0xx_hal_uart_ex.o
 .text.HAL_RS485Ex_Init
                0x00000000       0xdc Drivers\STM32F0xx_HAL_Driver\Src\stm32f0xx_hal_uart_ex.o
 .text.HAL_MultiProcessorEx_AddressLength_Set
                0x00000000       0x62 Drivers\STM32F0xx_HAL_Driver\Src\stm32f0xx_hal_uart_ex.o
 .text.HAL_UARTEx_ReceiveToIdle
                0x00000000      0x220 Drivers\STM32F0xx_HAL_Driver\Src\stm32f0xx_hal_uart_ex.o
 .text.HAL_UARTEx_ReceiveToIdle_IT
                0x00000000       0xc0 Drivers\STM32F0xx_HAL_Driver\Src\stm32f0xx_hal_uart_ex.o
 .text.HAL_UARTEx_ReceiveToIdle_DMA
                0x00000000       0xc0 Drivers\STM32F0xx_HAL_Driver\Src\stm32f0xx_hal_uart_ex.o
 .debug_info    0x00000000      0x88e Drivers\STM32F0xx_HAL_Driver\Src\stm32f0xx_hal_uart_ex.o
 .debug_abbrev  0x00000000      0x195 Drivers\STM32F0xx_HAL_Driver\Src\stm32f0xx_hal_uart_ex.o
 .debug_aranges
                0x00000000       0x40 Drivers\STM32F0xx_HAL_Driver\Src\stm32f0xx_hal_uart_ex.o
 .debug_ranges  0x00000000       0x30 Drivers\STM32F0xx_HAL_Driver\Src\stm32f0xx_hal_uart_ex.o
 .debug_line    0x00000000      0x38f Drivers\STM32F0xx_HAL_Driver\Src\stm32f0xx_hal_uart_ex.o
 .debug_str     0x00000000      0x7c7 Drivers\STM32F0xx_HAL_Driver\Src\stm32f0xx_hal_uart_ex.o
 .comment       0x00000000       0x7d Drivers\STM32F0xx_HAL_Driver\Src\stm32f0xx_hal_uart_ex.o
 .debug_frame   0x00000000       0xb0 Drivers\STM32F0xx_HAL_Driver\Src\stm32f0xx_hal_uart_ex.o
 .ARM.attributes
                0x00000000       0x31 Drivers\STM32F0xx_HAL_Driver\Src\stm32f0xx_hal_uart_ex.o
 .text          0x00000000        0x0 Src\main.o
 .data          0x00000000        0x0 Src\main.o
 .bss           0x00000000        0x0 Src\main.o
 .text          0x00000000        0x0 Src\stm32f0xx_hal_msp.o
 .data          0x00000000        0x0 Src\stm32f0xx_hal_msp.o
 .bss           0x00000000        0x0 Src\stm32f0xx_hal_msp.o
 .text.HAL_UART_MspDeInit
                0x00000000       0x40 Src\stm32f0xx_hal_msp.o
 .text          0x00000000        0x0 Src\stm32f0xx_it.o
 .data          0x00000000        0x0 Src\stm32f0xx_it.o
 .bss           0x00000000        0x0 Src\stm32f0xx_it.o
 .text          0x00000000        0x0 Src\syscalls.o
 .data          0x00000000        0x0 Src\syscalls.o
 .bss           0x00000000        0x0 Src\syscalls.o
 .bss.__env     0x00000000        0x4 Src\syscalls.o
 .data.environ  0x00000000        0x4 Src\syscalls.o
 .text.initialise_monitor_handles
                0x00000000        0xa Src\syscalls.o
 .text._getpid  0x00000000        0xc Src\syscalls.o
 .text._kill    0x00000000       0x20 Src\syscalls.o
 .text._exit    0x00000000       0x18 Src\syscalls.o
 .text._read    0x00000000       0x3a Src\syscalls.o
 .text._write   0x00000000       0x38 Src\syscalls.o
 .bss.heap_end.5887
                0x00000000        0x4 Src\syscalls.o
 .text._sbrk    0x00000000       0x58 Src\syscalls.o
 .text._close   0x00000000       0x14 Src\syscalls.o
 .text._fstat   0x00000000       0x1c Src\syscalls.o
 .text._isatty  0x00000000       0x12 Src\syscalls.o
 .text._lseek   0x00000000       0x16 Src\syscalls.o
 .text._open    0x00000000       0x1c Src\syscalls.o
 .text._wait    0x00000000       0x1e Src\syscalls.o
 .text._unlink  0x00000000       0x1e Src\syscalls.o
 .text._times   0x00000000       0x14 Src\syscalls.o
 .text._stat    0x00000000       0x1c Src\syscalls.o
 .text._link    0x00000000       0x20 Src\syscalls.o
 .text._fork    0x00000000       0x18 Src\syscalls.o
 .text._execve  0x00000000       0x22 Src\syscalls.o
 .debug_info    0x00000000      0xf16 Src\syscalls.o
 .debug_abbrev  0x00000000      0x271 Src\syscalls.o
 .debug_aranges
                0x00000000       0xb0 Src\syscalls.o
 .debug_ranges  0x00000000       0xa0 Src\syscalls.o
 .debug_line    0x00000000      0x3d8 Src\syscalls.o
 .debug_str     0x00000000      0x833 Src\syscalls.o
 .comment       0x00000000       0x7d Src\syscalls.o
 .debug_frame   0x00000000      0x264 Src\syscalls.o
 .ARM.attributes
                0x00000000       0x31 Src\syscalls.o
 .text          0x00000000        0x0 Src\system_stm32f0xx.o
 .data          0x00000000        0x0 Src\system_stm32f0xx.o
 .bss           0x00000000        0x0 Src\system_stm32f0xx.o
 .text.SystemCoreClockUpdate
                0x00000000       0xd8 Src\system_stm32f0xx.o
 .text          0x00000000       0x14 startup\startup_stm32f030x8.o
 .data          0x00000000        0x0 startup\startup_stm32f030x8.o
 .bss           0x00000000        0x0 startup\startup_stm32f030x8.o
 .text          0x00000000        0x0 c:/program files (x86)/atollic/truestudio for stm32 9.3.0/armtools/bin/../lib/gcc/arm-atollic-eabi/6.3.1/../../../../arm-atollic-eabi/lib/armv6-m\libc_nano.a(lib_a-errno.o)
 .data          0x00000000        0x0 c:/program files (x86)/atollic/truestudio for stm32 9.3.0/armtools/bin/../lib/gcc/arm-atollic-eabi/6.3.1/../../../../arm-atollic-eabi/lib/armv6-m\libc_nano.a(lib_a-errno.o)
 .bss           0x00000000        0x0 c:/program files (x86)/atollic/truestudio for stm32 9.3.0/armtools/bin/../lib/gcc/arm-atollic-eabi/6.3.1/../../../../arm-atollic-eabi/lib/armv6-m\libc_nano.a(lib_a-errno.o)
 .text.__errno  0x00000000        0xc c:/program files (x86)/atollic/truestudio for stm32 9.3.0/armtools/bin/../lib/gcc/arm-atollic-eabi/6.3.1/../../../../arm-atollic-eabi/lib/armv6-m\libc_nano.a(lib_a-errno.o)
 .debug_frame   0x00000000       0x20 c:/program files (x86)/atollic/truestudio for stm32 9.3.0/armtools/bin/../lib/gcc/arm-atollic-eabi/6.3.1/../../../../arm-atollic-eabi/lib/armv6-m\libc_nano.a(lib_a-errno.o)
 .ARM.attributes
                0x00000000       0x2c c:/program files (x86)/atollic/truestudio for stm32 9.3.0/armtools/bin/../lib/gcc/arm-atollic-eabi/6.3.1/../../../../arm-atollic-eabi/lib/armv6-m\libc_nano.a(lib_a-errno.o)
 .text          0x00000000        0x0 c:/program files (x86)/atollic/truestudio for stm32 9.3.0/armtools/bin/../lib/gcc/arm-atollic-eabi/6.3.1/../../../../arm-atollic-eabi/lib/armv6-m\libc_nano.a(lib_a-impure.o)
 .data          0x00000000        0x0 c:/program files (x86)/atollic/truestudio for stm32 9.3.0/armtools/bin/../lib/gcc/arm-atollic-eabi/6.3.1/../../../../arm-atollic-eabi/lib/armv6-m\libc_nano.a(lib_a-impure.o)
 .bss           0x00000000        0x0 c:/program files (x86)/atollic/truestudio for stm32 9.3.0/armtools/bin/../lib/gcc/arm-atollic-eabi/6.3.1/../../../../arm-atollic-eabi/lib/armv6-m\libc_nano.a(lib_a-impure.o)
 .data._impure_ptr
                0x00000000        0x4 c:/program files (x86)/atollic/truestudio for stm32 9.3.0/armtools/bin/../lib/gcc/arm-atollic-eabi/6.3.1/../../../../arm-atollic-eabi/lib/armv6-m\libc_nano.a(lib_a-impure.o)
 .data.impure_data
                0x00000000       0x60 c:/program files (x86)/atollic/truestudio for stm32 9.3.0/armtools/bin/../lib/gcc/arm-atollic-eabi/6.3.1/../../../../arm-atollic-eabi/lib/armv6-m\libc_nano.a(lib_a-impure.o)
 .rodata._global_impure_ptr
                0x00000000        0x4 c:/program files (x86)/atollic/truestudio for stm32 9.3.0/armtools/bin/../lib/gcc/arm-atollic-eabi/6.3.1/../../../../arm-atollic-eabi/lib/armv6-m\libc_nano.a(lib_a-impure.o)
 .ARM.attributes
                0x00000000       0x2c c:/program files (x86)/atollic/truestudio for stm32 9.3.0/armtools/bin/../lib/gcc/arm-atollic-eabi/6.3.1/../../../../arm-atollic-eabi/lib/armv6-m\libc_nano.a(lib_a-impure.o)
 .text          0x00000000        0x0 c:/program files (x86)/atollic/truestudio for stm32 9.3.0/armtools/bin/../lib/gcc/arm-atollic-eabi/6.3.1/../../../../arm-atollic-eabi/lib/armv6-m\libc_nano.a(lib_a-init.o)
 .data          0x00000000        0x0 c:/program files (x86)/atollic/truestudio for stm32 9.3.0/armtools/bin/../lib/gcc/arm-atollic-eabi/6.3.1/../../../../arm-atollic-eabi/lib/armv6-m\libc_nano.a(lib_a-init.o)
 .bss           0x00000000        0x0 c:/program files (x86)/atollic/truestudio for stm32 9.3.0/armtools/bin/../lib/gcc/arm-atollic-eabi/6.3.1/../../../../arm-atollic-eabi/lib/armv6-m\libc_nano.a(lib_a-init.o)
 .text          0x00000000        0x0 c:/program files (x86)/atollic/truestudio for stm32 9.3.0/armtools/bin/../lib/gcc/arm-atollic-eabi/6.3.1/../../../../arm-atollic-eabi/lib/armv6-m\libc_nano.a(lib_a-memset.o)
 .data          0x00000000        0x0 c:/program files (x86)/atollic/truestudio for stm32 9.3.0/armtools/bin/../lib/gcc/arm-atollic-eabi/6.3.1/../../../../arm-atollic-eabi/lib/armv6-m\libc_nano.a(lib_a-memset.o)
 .bss           0x00000000        0x0 c:/program files (x86)/atollic/truestudio for stm32 9.3.0/armtools/bin/../lib/gcc/arm-atollic-eabi/6.3.1/../../../../arm-atollic-eabi/lib/armv6-m\libc_nano.a(lib_a-memset.o)
 .data          0x00000000        0x0 c:/program files (x86)/atollic/truestudio for stm32 9.3.0/armtools/bin/../lib/gcc/arm-atollic-eabi/6.3.1/armv6-m\libgcc.a(_udivsi3.o)
 .bss           0x00000000        0x0 c:/program files (x86)/atollic/truestudio for stm32 9.3.0/armtools/bin/../lib/gcc/arm-atollic-eabi/6.3.1/armv6-m\libgcc.a(_udivsi3.o)
 .data          0x00000000        0x0 c:/program files (x86)/atollic/truestudio for stm32 9.3.0/armtools/bin/../lib/gcc/arm-atollic-eabi/6.3.1/armv6-m\libgcc.a(_dvmd_tls.o)
 .bss           0x00000000        0x0 c:/program files (x86)/atollic/truestudio for stm32 9.3.0/armtools/bin/../lib/gcc/arm-atollic-eabi/6.3.1/armv6-m\libgcc.a(_dvmd_tls.o)
 .text          0x00000000        0x0 c:/program files (x86)/atollic/truestudio for stm32 9.3.0/armtools/bin/../lib/gcc/arm-atollic-eabi/6.3.1/armv6-m/crtend.o
 .data          0x00000000        0x0 c:/program files (x86)/atollic/truestudio for stm32 9.3.0/armtools/bin/../lib/gcc/arm-atollic-eabi/6.3.1/armv6-m/crtend.o
 .bss           0x00000000        0x0 c:/program files (x86)/atollic/truestudio for stm32 9.3.0/armtools/bin/../lib/gcc/arm-atollic-eabi/6.3.1/armv6-m/crtend.o
 .eh_frame      0x00000000        0x4 c:/program files (x86)/atollic/truestudio for stm32 9.3.0/armtools/bin/../lib/gcc/arm-atollic-eabi/6.3.1/armv6-m/crtend.o
 .ARM.attributes
                0x00000000       0x2c c:/program files (x86)/atollic/truestudio for stm32 9.3.0/armtools/bin/../lib/gcc/arm-atollic-eabi/6.3.1/armv6-m/crtend.o
 .text          0x00000000        0x0 c:/program files (x86)/atollic/truestudio for stm32 9.3.0/armtools/bin/../lib/gcc/arm-atollic-eabi/6.3.1/armv6-m/crtn.o
 .data          0x00000000        0x0 c:/program files (x86)/atollic/truestudio for stm32 9.3.0/armtools/bin/../lib/gcc/arm-atollic-eabi/6.3.1/armv6-m/crtn.o
 .bss           0x00000000        0x0 c:/program files (x86)/atollic/truestudio for stm32 9.3.0/armtools/bin/../lib/gcc/arm-atollic-eabi/6.3.1/armv6-m/crtn.o

Memory Configuration

Name             Origin             Length             Attributes
RAM              0x20000000         0x00002000         xrw
FLASH            0x08000000         0x00010000         xr
*default*        0x00000000         0xffffffff

Linker script and memory map

LOAD c:/program files (x86)/atollic/truestudio for stm32 9.3.0/armtools/bin/../lib/gcc/arm-atollic-eabi/6.3.1/armv6-m/crti.o
LOAD c:/program files (x86)/atollic/truestudio for stm32 9.3.0/armtools/bin/../lib/gcc/arm-atollic-eabi/6.3.1/armv6-m/crtbegin.o
LOAD Drivers\STM32F0xx_HAL_Driver\Src\stm32f0xx_hal.o
LOAD Drivers\STM32F0xx_HAL_Driver\Src\stm32f0xx_hal_cortex.o
LOAD Drivers\STM32F0xx_HAL_Driver\Src\stm32f0xx_hal_dma.o
LOAD Drivers\STM32F0xx_HAL_Driver\Src\stm32f0xx_hal_exti.o
LOAD Drivers\STM32F0xx_HAL_Driver\Src\stm32f0xx_hal_flash.o
LOAD Drivers\STM32F0xx_HAL_Driver\Src\stm32f0xx_hal_flash_ex.o
LOAD Drivers\STM32F0xx_HAL_Driver\Src\stm32f0xx_hal_gpio.o
LOAD Drivers\STM32F0xx_HAL_Driver\Src\stm32f0xx_hal_i2c.o
LOAD Drivers\STM32F0xx_HAL_Driver\Src\stm32f0xx_hal_i2c_ex.o
LOAD Drivers\STM32F0xx_HAL_Driver\Src\stm32f0xx_hal_pwr.o
LOAD Drivers\STM32F0xx_HAL_Driver\Src\stm32f0xx_hal_pwr_ex.o
LOAD Drivers\STM32F0xx_HAL_Driver\Src\stm32f0xx_hal_rcc.o
LOAD Drivers\STM32F0xx_HAL_Driver\Src\stm32f0xx_hal_rcc_ex.o
LOAD Drivers\STM32F0xx_HAL_Driver\Src\stm32f0xx_hal_tim.o
LOAD Drivers\STM32F0xx_HAL_Driver\Src\stm32f0xx_hal_tim_ex.o
LOAD Drivers\STM32F0xx_HAL_Driver\Src\stm32f0xx_hal_uart.o
LOAD Drivers\STM32F0xx_HAL_Driver\Src\stm32f0xx_hal_uart_ex.o
LOAD Src\main.o
LOAD Src\stm32f0xx_hal_msp.o
LOAD Src\stm32f0xx_it.o
LOAD Src\syscalls.o
LOAD Src\system_stm32f0xx.o
LOAD startup\startup_stm32f030x8.o
                0x00000080                malloc_getpagesize_P = 0x80
START GROUP
LOAD c:/program files (x86)/atollic/truestudio for stm32 9.3.0/armtools/bin/../lib/gcc/arm-atollic-eabi/6.3.1/../../../../arm-atollic-eabi/lib/armv6-m\libc_nano.a
LOAD c:/program files (x86)/atollic/truestudio for stm32 9.3.0/armtools/bin/../lib/gcc/arm-atollic-eabi/6.3.1/../../../../arm-atollic-eabi/lib/armv6-m\libm.a
END GROUP
START GROUP
LOAD c:/program files (x86)/atollic/truestudio for stm32 9.3.0/armtools/bin/../lib/gcc/arm-atollic-eabi/6.3.1/armv6-m\libgcc.a
LOAD c:/program files (x86)/atollic/truestudio for stm32 9.3.0/armtools/bin/../lib/gcc/arm-atollic-eabi/6.3.1/../../../../arm-atollic-eabi/lib/armv6-m\libc_nano.a
END GROUP
START GROUP
LOAD c:/program files (x86)/atollic/truestudio for stm32 9.3.0/armtools/bin/../lib/gcc/arm-atollic-eabi/6.3.1/armv6-m\libgcc.a
LOAD c:/program files (x86)/atollic/truestudio for stm32 9.3.0/armtools/bin/../lib/gcc/arm-atollic-eabi/6.3.1/../../../../arm-atollic-eabi/lib/armv6-m\libc_nano.a
LOAD c:/program files (x86)/atollic/truestudio for stm32 9.3.0/armtools/bin/../lib/gcc/arm-atollic-eabi/6.3.1/../../../../arm-atollic-eabi/lib/armv6-m\libnosys.a
END GROUP
START GROUP
LOAD c:/program files (x86)/atollic/truestudio for stm32 9.3.0/armtools/bin/../lib/gcc/arm-atollic-eabi/6.3.1/armv6-m\libgcc.a
LOAD c:/program files (x86)/atollic/truestudio for stm32 9.3.0/armtools/bin/../lib/gcc/arm-atollic-eabi/6.3.1/../../../../arm-atollic-eabi/lib/armv6-m\libc_nano.a
LOAD c:/program files (x86)/atollic/truestudio for stm32 9.3.0/armtools/bin/../lib/gcc/arm-atollic-eabi/6.3.1/../../../../arm-atollic-eabi/lib/armv6-m\libnosys.a
END GROUP
LOAD c:/program files (x86)/atollic/truestudio for stm32 9.3.0/armtools/bin/../lib/gcc/arm-atollic-eabi/6.3.1/armv6-m/crtend.o
LOAD c:/program files (x86)/atollic/truestudio for stm32 9.3.0/armtools/bin/../lib/gcc/arm-atollic-eabi/6.3.1/armv6-m/crtn.o
                0x20002000                _estack = 0x20002000
                0x00000200                _Min_Heap_Size = 0x200
                0x00000400                _Min_Stack_Size = 0x400

.isr_vector     0x08000000       0xc0
                0x08000000                . = ALIGN (0x4)
 *(.isr_vector)
 .isr_vector    0x08000000       0xc0 startup\startup_stm32f030x8.o
                0x08000000                g_pfnVectors
                0x080000c0                . = ALIGN (0x4)

.text           0x080000c0     0x1a58
                0x080000c0                . = ALIGN (0x4)
 *(.text)
 .text          0x080000c0       0x48 c:/program files (x86)/atollic/truestudio for stm32 9.3.0/armtools/bin/../lib/gcc/arm-atollic-eabi/6.3.1/armv6-m/crtbegin.o
 .text          0x08000108      0x114 c:/program files (x86)/atollic/truestudio for stm32 9.3.0/armtools/bin/../lib/gcc/arm-atollic-eabi/6.3.1/armv6-m\libgcc.a(_udivsi3.o)
                0x08000108                __aeabi_uidiv
                0x08000108                __udivsi3
                0x08000214                __aeabi_uidivmod
 .text          0x0800021c        0x4 c:/program files (x86)/atollic/truestudio for stm32 9.3.0/armtools/bin/../lib/gcc/arm-atollic-eabi/6.3.1/armv6-m\libgcc.a(_dvmd_tls.o)
                0x0800021c                __aeabi_idiv0
                0x0800021c                __aeabi_ldiv0
 *(.text*)
 .text.HAL_Init
                0x08000220       0x28 Drivers\STM32F0xx_HAL_Driver\Src\stm32f0xx_hal.o
                0x08000220                HAL_Init
 .text.HAL_InitTick
                0x08000248       0x68 Drivers\STM32F0xx_HAL_Driver\Src\stm32f0xx_hal.o
                0x08000248                HAL_InitTick
 .text.HAL_IncTick
                0x080002b0       0x24 Drivers\STM32F0xx_HAL_Driver\Src\stm32f0xx_hal.o
                0x080002b0                HAL_IncTick
 .text.HAL_GetTick
                0x080002d4       0x14 Drivers\STM32F0xx_HAL_Driver\Src\stm32f0xx_hal.o
                0x080002d4                HAL_GetTick
 .text.HAL_Delay
                0x080002e8       0x44 Drivers\STM32F0xx_HAL_Driver\Src\stm32f0xx_hal.o
                0x080002e8                HAL_Delay
 .text.__NVIC_SetPriority
                0x0800032c       0xdc Drivers\STM32F0xx_HAL_Driver\Src\stm32f0xx_hal_cortex.o
 .text.SysTick_Config
                0x08000408       0x48 Drivers\STM32F0xx_HAL_Driver\Src\stm32f0xx_hal_cortex.o
 .text.HAL_NVIC_SetPriority
                0x08000450       0x2c Drivers\STM32F0xx_HAL_Driver\Src\stm32f0xx_hal_cortex.o
                0x08000450                HAL_NVIC_SetPriority
 .text.HAL_SYSTICK_Config
                0x0800047c       0x1a Drivers\STM32F0xx_HAL_Driver\Src\stm32f0xx_hal_cortex.o
                0x0800047c                HAL_SYSTICK_Config
 *fill*         0x08000496        0x2 
 .text.HAL_GPIO_Init
                0x08000498      0x2e0 Drivers\STM32F0xx_HAL_Driver\Src\stm32f0xx_hal_gpio.o
                0x08000498                HAL_GPIO_Init
 .text.HAL_GPIO_ReadPin
                0x08000778       0x3a Drivers\STM32F0xx_HAL_Driver\Src\stm32f0xx_hal_gpio.o
                0x08000778                HAL_GPIO_ReadPin
 .text.HAL_GPIO_WritePin
                0x080007b2       0x3a Drivers\STM32F0xx_HAL_Driver\Src\stm32f0xx_hal_gpio.o
                0x080007b2                HAL_GPIO_WritePin
 .text.HAL_GPIO_TogglePin
                0x080007ec       0x36 Drivers\STM32F0xx_HAL_Driver\Src\stm32f0xx_hal_gpio.o
                0x080007ec                HAL_GPIO_TogglePin
 *fill*         0x08000822        0x2 
 .text.HAL_RCC_OscConfig
                0x08000824      0x634 Drivers\STM32F0xx_HAL_Driver\Src\stm32f0xx_hal_rcc.o
                0x08000824                HAL_RCC_OscConfig
 .text.HAL_RCC_ClockConfig
                0x08000e58      0x19c Drivers\STM32F0xx_HAL_Driver\Src\stm32f0xx_hal_rcc.o
                0x08000e58                HAL_RCC_ClockConfig
 .text.HAL_RCC_GetSysClockFreq
                0x08000ff4       0xc0 Drivers\STM32F0xx_HAL_Driver\Src\stm32f0xx_hal_rcc.o
                0x08000ff4                HAL_RCC_GetSysClockFreq
 .text.HAL_RCC_GetHCLKFreq
                0x080010b4       0x14 Drivers\STM32F0xx_HAL_Driver\Src\stm32f0xx_hal_rcc.o
                0x080010b4                HAL_RCC_GetHCLKFreq
 .text.HAL_RCC_GetPCLK1Freq
                0x080010c8       0x2c Drivers\STM32F0xx_HAL_Driver\Src\stm32f0xx_hal_rcc.o
                0x080010c8                HAL_RCC_GetPCLK1Freq
 .text.HAL_UART_Init
                0x080010f4       0xa8 Drivers\STM32F0xx_HAL_Driver\Src\stm32f0xx_hal_uart.o
                0x080010f4                HAL_UART_Init
 .text.UART_SetConfig
                0x0800119c      0x27c Drivers\STM32F0xx_HAL_Driver\Src\stm32f0xx_hal_uart.o
                0x0800119c                UART_SetConfig
 .text.UART_AdvFeatureConfig
                0x08001418      0x158 Drivers\STM32F0xx_HAL_Driver\Src\stm32f0xx_hal_uart.o
                0x08001418                UART_AdvFeatureConfig
 .text.UART_CheckIdleState
                0x08001570       0x94 Drivers\STM32F0xx_HAL_Driver\Src\stm32f0xx_hal_uart.o
                0x08001570                UART_CheckIdleState
 .text.UART_WaitOnFlagUntilTimeout
                0x08001604       0xfc Drivers\STM32F0xx_HAL_Driver\Src\stm32f0xx_hal_uart.o
                0x08001604                UART_WaitOnFlagUntilTimeout
 .text.main     0x08001700       0x40 Src\main.o
                0x08001700                main
 .text.SystemClock_Config
                0x08001740       0xa2 Src\main.o
                0x08001740                SystemClock_Config
 *fill*         0x080017e2        0x2 
 .text.MX_USART2_UART_Init
                0x080017e4       0x60 Src\main.o
 .text.MX_GPIO_Init
                0x08001844       0xe0 Src\main.o
 .text.Error_Handler
                0x08001924        0xa Src\main.o
                0x08001924                Error_Handler
 *fill*         0x0800192e        0x2 
 .text.HAL_MspInit
                0x08001930       0x48 Src\stm32f0xx_hal_msp.o
                0x08001930                HAL_MspInit
 .text.HAL_UART_MspInit
                0x08001978       0xa4 Src\stm32f0xx_hal_msp.o
                0x08001978                HAL_UART_MspInit
 .text.NMI_Handler
                0x08001a1c        0x6 Src\stm32f0xx_it.o
                0x08001a1c                NMI_Handler
 .text.HardFault_Handler
                0x08001a22        0x6 Src\stm32f0xx_it.o
                0x08001a22                HardFault_Handler
 .text.SVC_Handler
                0x08001a28        0xa Src\stm32f0xx_it.o
                0x08001a28                SVC_Handler
 .text.PendSV_Handler
                0x08001a32        0xa Src\stm32f0xx_it.o
                0x08001a32                PendSV_Handler
 .text.SysTick_Handler
                0x08001a3c        0xe Src\stm32f0xx_it.o
                0x08001a3c                SysTick_Handler
 .text.SystemInit
                0x08001a4a        0xa Src\system_stm32f0xx.o
                0x08001a4a                SystemInit
 .text.Reset_Handler
                0x08001a54       0x50 startup\startup_stm32f030x8.o
                0x08001a54                Reset_Handler
 .text.Default_Handler
                0x08001aa4        0x2 startup\startup_stm32f030x8.o
                0x08001aa4                TIM1_CC_IRQHandler
                0x08001aa4                TIM6_IRQHandler
                0x08001aa4                I2C1_IRQHandler
                0x08001aa4                SPI1_IRQHandler
                0x08001aa4                EXTI2_3_IRQHandler
                0x08001aa4                ADC1_IRQHandler
                0x08001aa4                I2C2_IRQHandler
                0x08001aa4                TIM17_IRQHandler
                0x08001aa4                RTC_IRQHandler
                0x08001aa4                TIM16_IRQHandler
                0x08001aa4                TIM3_IRQHandler
                0x08001aa4                EXTI4_15_IRQHandler
                0x08001aa4                RCC_IRQHandler
                0x08001aa4                DMA1_Channel1_IRQHandler
                0x08001aa4                Default_Handler
                0x08001aa4                TIM14_IRQHandler
                0x08001aa4                DMA1_Channel4_5_IRQHandler
                0x08001aa4                TIM15_IRQHandler
                0x08001aa4                EXTI0_1_IRQHandler
                0x08001aa4                SPI2_IRQHandler
                0x08001aa4                WWDG_IRQHandler
                0x08001aa4                DMA1_Channel2_3_IRQHandler
                0x08001aa4                USART2_IRQHandler
                0x08001aa4                FLASH_IRQHandler
                0x08001aa4                USART1_IRQHandler
                0x08001aa4                TIM1_BRK_UP_TRG_COM_IRQHandler
 *fill*         0x08001aa6        0x2 
 .text.__libc_init_array
                0x08001aa8       0x48 c:/program files (x86)/atollic/truestudio for stm32 9.3.0/armtools/bin/../lib/gcc/arm-atollic-eabi/6.3.1/../../../../arm-atollic-eabi/lib/armv6-m\libc_nano.a(lib_a-init.o)
                0x08001aa8                __libc_init_array
 .text.memset   0x08001af0       0x10 c:/program files (x86)/atollic/truestudio for stm32 9.3.0/armtools/bin/../lib/gcc/arm-atollic-eabi/6.3.1/../../../../arm-atollic-eabi/lib/armv6-m\libc_nano.a(lib_a-memset.o)
                0x08001af0                memset
 *(.glue_7)
 .glue_7        0x08001b00        0x0 linker stubs
 *(.glue_7t)
 .glue_7t       0x08001b00        0x0 linker stubs
 *(.eh_frame)
 .eh_frame      0x08001b00        0x0 c:/program files (x86)/atollic/truestudio for stm32 9.3.0/armtools/bin/../lib/gcc/arm-atollic-eabi/6.3.1/armv6-m/crtbegin.o
 *(.init)
 .init          0x08001b00        0x4 c:/program files (x86)/atollic/truestudio for stm32 9.3.0/armtools/bin/../lib/gcc/arm-atollic-eabi/6.3.1/armv6-m/crti.o
                0x08001b00                _init
 .init          0x08001b04        0x8 c:/program files (x86)/atollic/truestudio for stm32 9.3.0/armtools/bin/../lib/gcc/arm-atollic-eabi/6.3.1/armv6-m/crtn.o
 *(.fini)
 .fini          0x08001b0c        0x4 c:/program files (x86)/atollic/truestudio for stm32 9.3.0/armtools/bin/../lib/gcc/arm-atollic-eabi/6.3.1/armv6-m/crti.o
                0x08001b0c                _fini
 .fini          0x08001b10        0x8 c:/program files (x86)/atollic/truestudio for stm32 9.3.0/armtools/bin/../lib/gcc/arm-atollic-eabi/6.3.1/armv6-m/crtn.o
                0x08001b18                . = ALIGN (0x4)
                0x08001b18                _etext = .

.vfp11_veneer   0x08001b18        0x0
 .vfp11_veneer  0x08001b18        0x0 linker stubs

.v4_bx          0x08001b18        0x0
 .v4_bx         0x08001b18        0x0 linker stubs

.iplt           0x08001b18        0x0
 .iplt          0x08001b18        0x0 c:/program files (x86)/atollic/truestudio for stm32 9.3.0/armtools/bin/../lib/gcc/arm-atollic-eabi/6.3.1/armv6-m/crtbegin.o

.rodata         0x08001b18       0x38
                0x08001b18                . = ALIGN (0x4)
 *(.rodata)
 .rodata        0x08001b18       0x20 Drivers\STM32F0xx_HAL_Driver\Src\stm32f0xx_hal_rcc.o
 *(.rodata*)
 .rodata.AHBPrescTable
                0x08001b38       0x10 Src\system_stm32f0xx.o
                0x08001b38                AHBPrescTable
 .rodata.APBPrescTable
                0x08001b48        0x8 Src\system_stm32f0xx.o
                0x08001b48                APBPrescTable
                0x08001b50                . = ALIGN (0x4)

.rel.dyn        0x08001b50        0x0
 .rel.iplt      0x08001b50        0x0 c:/program files (x86)/atollic/truestudio for stm32 9.3.0/armtools/bin/../lib/gcc/arm-atollic-eabi/6.3.1/armv6-m/crtbegin.o

.ARM.extab
 *(.ARM.extab* .gnu.linkonce.armextab.*)

.ARM            0x08001b50        0x0
                0x08001b50                __exidx_start = .
 *(.ARM.exidx*)
                0x08001b50                __exidx_end = .

.preinit_array  0x08001b50        0x0
                0x08001b50                PROVIDE (__preinit_array_start, .)
 *(.preinit_array*)
                0x08001b50                PROVIDE (__preinit_array_end, .)

.init_array     0x08001b50        0x4
                0x08001b50                PROVIDE (__init_array_start, .)
 *(SORT(.init_array.*))
 *(.init_array*)
 .init_array    0x08001b50        0x4 c:/program files (x86)/atollic/truestudio for stm32 9.3.0/armtools/bin/../lib/gcc/arm-atollic-eabi/6.3.1/armv6-m/crtbegin.o
                0x08001b54                PROVIDE (__init_array_end, .)

.fini_array     0x08001b54        0x4
                [!provide]                PROVIDE (__fini_array_start, .)
 *(SORT(.fini_array.*))
 *(.fini_array*)
 .fini_array    0x08001b54        0x4 c:/program files (x86)/atollic/truestudio for stm32 9.3.0/armtools/bin/../lib/gcc/arm-atollic-eabi/6.3.1/armv6-m/crtbegin.o
                [!provide]                PROVIDE (__fini_array_end, .)
                0x08001b58                _sidata = LOADADDR (.data)

.data           0x20000000        0xc load address 0x08001b58
                0x20000000                . = ALIGN (0x4)
                0x20000000                _sdata = .
 *(.data)
 *(.data*)
 .data.uwTickPrio
                0x20000000        0x4 Drivers\STM32F0xx_HAL_Driver\Src\stm32f0xx_hal.o
                0x20000000                uwTickPrio
 .data.uwTickFreq
                0x20000004        0x1 Drivers\STM32F0xx_HAL_Driver\Src\stm32f0xx_hal.o
                0x20000004                uwTickFreq
 *fill*         0x20000005        0x3 
 .data.SystemCoreClock
                0x20000008        0x4 Src\system_stm32f0xx.o
                0x20000008                SystemCoreClock
                0x2000000c                . = ALIGN (0x4)
                0x2000000c                _edata = .

.igot.plt       0x2000000c        0x0 load address 0x08001b64
 .igot.plt      0x2000000c        0x0 c:/program files (x86)/atollic/truestudio for stm32 9.3.0/armtools/bin/../lib/gcc/arm-atollic-eabi/6.3.1/armv6-m/crtbegin.o
                0x2000000c                . = ALIGN (0x4)

.bss            0x2000000c       0xa4 load address 0x08001b64
                0x2000000c                _sbss = .
                0x2000000c                __bss_start__ = _sbss
 *(.bss)
 .bss           0x2000000c       0x1c c:/program files (x86)/atollic/truestudio for stm32 9.3.0/armtools/bin/../lib/gcc/arm-atollic-eabi/6.3.1/armv6-m/crtbegin.o
 *(.bss*)
 *(COMMON)
 COMMON         0x20000028        0x4 Drivers\STM32F0xx_HAL_Driver\Src\stm32f0xx_hal.o
                0x20000028                uwTick
 COMMON         0x2000002c       0x84 Src\main.o
                0x2000002c                huart2
                0x200000b0                . = ALIGN (0x4)
                0x200000b0                _ebss = .
                0x200000b0                __bss_end__ = _ebss

._user_heap_stack
                0x200000b0      0x600 load address 0x08001b64
                0x200000b0                . = ALIGN (0x4)
                0x200000b0                PROVIDE (end, .)
                [!provide]                PROVIDE (_end, .)
                0x200002b0                . = (. + _Min_Heap_Size)
 *fill*         0x200000b0      0x200 
                0x200006b0                . = (. + _Min_Stack_Size)
 *fill*         0x200002b0      0x400 
                0x200006b0                . = ALIGN (0x4)

/DISCARD/
 libc.a(*)
 libm.a(*)
 libgcc.a(*)

.ARM.attributes
                0x00000000       0x28
 *(.ARM.attributes)
 .ARM.attributes
                0x00000000       0x1e c:/program files (x86)/atollic/truestudio for stm32 9.3.0/armtools/bin/../lib/gcc/arm-atollic-eabi/6.3.1/armv6-m/crti.o
 .ARM.attributes
                0x0000001e       0x2c c:/program files (x86)/atollic/truestudio for stm32 9.3.0/armtools/bin/../lib/gcc/arm-atollic-eabi/6.3.1/armv6-m/crtbegin.o
 .ARM.attributes
                0x0000004a       0x31 Drivers\STM32F0xx_HAL_Driver\Src\stm32f0xx_hal.o
 .ARM.attributes
                0x0000007b       0x31 Drivers\STM32F0xx_HAL_Driver\Src\stm32f0xx_hal_cortex.o
 .ARM.attributes
                0x000000ac       0x31 Drivers\STM32F0xx_HAL_Driver\Src\stm32f0xx_hal_gpio.o
 .ARM.attributes
                0x000000dd       0x31 Drivers\STM32F0xx_HAL_Driver\Src\stm32f0xx_hal_rcc.o
 .ARM.attributes
                0x0000010e       0x31 Drivers\STM32F0xx_HAL_Driver\Src\stm32f0xx_hal_uart.o
 .ARM.attributes
                0x0000013f       0x31 Src\main.o
 .ARM.attributes
                0x00000170       0x31 Src\stm32f0xx_hal_msp.o
 .ARM.attributes
                0x000001a1       0x31 Src\stm32f0xx_it.o
 .ARM.attributes
                0x000001d2       0x31 Src\system_stm32f0xx.o
 .ARM.attributes
                0x00000203       0x21 startup\startup_stm32f030x8.o
 .ARM.attributes
                0x00000224       0x2c c:/program files (x86)/atollic/truestudio for stm32 9.3.0/armtools/bin/../lib/gcc/arm-atollic-eabi/6.3.1/../../../../arm-atollic-eabi/lib/armv6-m\libc_nano.a(lib_a-init.o)
 .ARM.attributes
                0x00000250       0x2c c:/program files (x86)/atollic/truestudio for stm32 9.3.0/armtools/bin/../lib/gcc/arm-atollic-eabi/6.3.1/../../../../arm-atollic-eabi/lib/armv6-m\libc_nano.a(lib_a-memset.o)
 .ARM.attributes
                0x0000027c       0x1e c:/program files (x86)/atollic/truestudio for stm32 9.3.0/armtools/bin/../lib/gcc/arm-atollic-eabi/6.3.1/armv6-m\libgcc.a(_udivsi3.o)
 .ARM.attributes
                0x0000029a       0x1e c:/program files (x86)/atollic/truestudio for stm32 9.3.0/armtools/bin/../lib/gcc/arm-atollic-eabi/6.3.1/armv6-m\libgcc.a(_dvmd_tls.o)
 .ARM.attributes
                0x000002b8       0x1e c:/program files (x86)/atollic/truestudio for stm32 9.3.0/armtools/bin/../lib/gcc/arm-atollic-eabi/6.3.1/armv6-m/crtn.o
OUTPUT(controlling LED.elf elf32-littlearm)

.debug_info     0x00000000     0x4a9c
 .debug_info    0x00000000      0x685 Drivers\STM32F0xx_HAL_Driver\Src\stm32f0xx_hal.o
 .debug_info    0x00000685      0x763 Drivers\STM32F0xx_HAL_Driver\Src\stm32f0xx_hal_cortex.o
 .debug_info    0x00000de8      0x674 Drivers\STM32F0xx_HAL_Driver\Src\stm32f0xx_hal_gpio.o
 .debug_info    0x0000145c      0x80a Drivers\STM32F0xx_HAL_Driver\Src\stm32f0xx_hal_rcc.o
 .debug_info    0x00001c66     0x1617 Drivers\STM32F0xx_HAL_Driver\Src\stm32f0xx_hal_uart.o
 .debug_info    0x0000327d      0xa62 Src\main.o
 .debug_info    0x00003cdf      0x8ff Src\stm32f0xx_hal_msp.o
 .debug_info    0x000045de      0x1a4 Src\stm32f0xx_it.o
 .debug_info    0x00004782      0x2a0 Src\system_stm32f0xx.o
 .debug_info    0x00004a22       0x7a startup\startup_stm32f030x8.o

.debug_abbrev   0x00000000      0xf90
 .debug_abbrev  0x00000000      0x1ed Drivers\STM32F0xx_HAL_Driver\Src\stm32f0xx_hal.o
 .debug_abbrev  0x000001ed      0x26e Drivers\STM32F0xx_HAL_Driver\Src\stm32f0xx_hal_cortex.o
 .debug_abbrev  0x0000045b      0x1bb Drivers\STM32F0xx_HAL_Driver\Src\stm32f0xx_hal_gpio.o
 .debug_abbrev  0x00000616      0x20a Drivers\STM32F0xx_HAL_Driver\Src\stm32f0xx_hal_rcc.o
 .debug_abbrev  0x00000820      0x21f Drivers\STM32F0xx_HAL_Driver\Src\stm32f0xx_hal_uart.o
 .debug_abbrev  0x00000a3f      0x1d1 Src\main.o
 .debug_abbrev  0x00000c10      0x187 Src\stm32f0xx_hal_msp.o
 .debug_abbrev  0x00000d97       0xc1 Src\stm32f0xx_it.o
 .debug_abbrev  0x00000e58      0x126 Src\system_stm32f0xx.o
 .debug_abbrev  0x00000f7e       0x12 startup\startup_stm32f030x8.o

.debug_aranges  0x00000000      0x580
 .debug_aranges
                0x00000000       0xd0 Drivers\STM32F0xx_HAL_Driver\Src\stm32f0xx_hal.o
 .debug_aranges
                0x000000d0       0xc0 Drivers\STM32F0xx_HAL_Driver\Src\stm32f0xx_hal_cortex.o
 .debug_aranges
                0x00000190       0x58 Drivers\STM32F0xx_HAL_Driver\Src\stm32f0xx_hal_gpio.o
 .debug_aranges
                0x000001e8       0x80 Drivers\STM32F0xx_HAL_Driver\Src\stm32f0xx_hal_rcc.o
 .debug_aranges
                0x00000268      0x218 Drivers\STM32F0xx_HAL_Driver\Src\stm32f0xx_hal_uart.o
 .debug_aranges
                0x00000480       0x40 Src\main.o
 .debug_aranges
                0x000004c0       0x30 Src\stm32f0xx_hal_msp.o
 .debug_aranges
                0x000004f0       0x40 Src\stm32f0xx_it.o
 .debug_aranges
                0x00000530       0x28 Src\system_stm32f0xx.o
 .debug_aranges
                0x00000558       0x28 startup\startup_stm32f030x8.o

.debug_ranges   0x00000000      0x518
 .debug_ranges  0x00000000       0xc0 Drivers\STM32F0xx_HAL_Driver\Src\stm32f0xx_hal.o
 .debug_ranges  0x000000c0       0xb0 Drivers\STM32F0xx_HAL_Driver\Src\stm32f0xx_hal_cortex.o
 .debug_ranges  0x00000170       0x48 Drivers\STM32F0xx_HAL_Driver\Src\stm32f0xx_hal_gpio.o
 .debug_ranges  0x000001b8       0x70 Drivers\STM32F0xx_HAL_Driver\Src\stm32f0xx_hal_rcc.o
 .debug_ranges  0x00000228      0x238 Drivers\STM32F0xx_HAL_Driver\Src\stm32f0xx_hal_uart.o
 .debug_ranges  0x00000460       0x30 Src\main.o
 .debug_ranges  0x00000490       0x20 Src\stm32f0xx_hal_msp.o
 .debug_ranges  0x000004b0       0x30 Src\stm32f0xx_it.o
 .debug_ranges  0x000004e0       0x18 Src\system_stm32f0xx.o
 .debug_ranges  0x000004f8       0x20 startup\startup_stm32f030x8.o

.debug_line     0x00000000     0x25c0
 .debug_line    0x00000000      0x3c1 Drivers\STM32F0xx_HAL_Driver\Src\stm32f0xx_hal.o
 .debug_line    0x000003c1      0x3d1 Drivers\STM32F0xx_HAL_Driver\Src\stm32f0xx_hal_cortex.o
 .debug_line    0x00000792      0x375 Drivers\STM32F0xx_HAL_Driver\Src\stm32f0xx_hal_gpio.o
 .debug_line    0x00000b07      0x498 Drivers\STM32F0xx_HAL_Driver\Src\stm32f0xx_hal_rcc.o
 .debug_line    0x00000f9f      0xce6 Drivers\STM32F0xx_HAL_Driver\Src\stm32f0xx_hal_uart.o
 .debug_line    0x00001c85      0x299 Src\main.o
 .debug_line    0x00001f1e      0x24b Src\stm32f0xx_hal_msp.o
 .debug_line    0x00002169      0x1f3 Src\stm32f0xx_it.o
 .debug_line    0x0000235c      0x1e2 Src\system_stm32f0xx.o
 .debug_line    0x0000253e       0x82 startup\startup_stm32f030x8.o

.debug_str      0x00000000     0x1a15
 .debug_str     0x00000000      0x645 Drivers\STM32F0xx_HAL_Driver\Src\stm32f0xx_hal.o
                                0x6a1 (size before relaxing)
 .debug_str     0x00000645      0x2bd Drivers\STM32F0xx_HAL_Driver\Src\stm32f0xx_hal_cortex.o
                                0x6b3 (size before relaxing)
 .debug_str     0x00000902      0x1c7 Drivers\STM32F0xx_HAL_Driver\Src\stm32f0xx_hal_gpio.o
                                0x4c2 (size before relaxing)
 .debug_str     0x00000ac9      0x316 Drivers\STM32F0xx_HAL_Driver\Src\stm32f0xx_hal_rcc.o
                                0x6a5 (size before relaxing)
 .debug_str     0x00000ddf      0xaf6 Drivers\STM32F0xx_HAL_Driver\Src\stm32f0xx_hal_uart.o
                                0xe6b (size before relaxing)
 .debug_str     0x000018d5       0x6c Src\main.o
                                0x8bb (size before relaxing)
 .debug_str     0x00001941       0x1b Src\stm32f0xx_hal_msp.o
                                0x754 (size before relaxing)
 .debug_str     0x0000195c       0x5f Src\stm32f0xx_it.o
                                0x2a0 (size before relaxing)
 .debug_str     0x000019bb       0x5a Src\system_stm32f0xx.o
                                0x2ee (size before relaxing)

.comment        0x00000000       0x7c
 .comment       0x00000000       0x7c Drivers\STM32F0xx_HAL_Driver\Src\stm32f0xx_hal.o
                                 0x7d (size before relaxing)
 .comment       0x0000007c       0x7d Drivers\STM32F0xx_HAL_Driver\Src\stm32f0xx_hal_cortex.o
 .comment       0x0000007c       0x7d Drivers\STM32F0xx_HAL_Driver\Src\stm32f0xx_hal_gpio.o
 .comment       0x0000007c       0x7d Drivers\STM32F0xx_HAL_Driver\Src\stm32f0xx_hal_rcc.o
 .comment       0x0000007c       0x7d Drivers\STM32F0xx_HAL_Driver\Src\stm32f0xx_hal_uart.o
 .comment       0x0000007c       0x7d Src\main.o
 .comment       0x0000007c       0x7d Src\stm32f0xx_hal_msp.o
 .comment       0x0000007c       0x7d Src\stm32f0xx_it.o
 .comment       0x0000007c       0x7d Src\system_stm32f0xx.o

.debug_frame    0x00000000     0x1264
 .debug_frame   0x00000000      0x2a0 Drivers\STM32F0xx_HAL_Driver\Src\stm32f0xx_hal.o
 .debug_frame   0x000002a0      0x2a4 Drivers\STM32F0xx_HAL_Driver\Src\stm32f0xx_hal_cortex.o
 .debug_frame   0x00000544      0x110 Drivers\STM32F0xx_HAL_Driver\Src\stm32f0xx_hal_gpio.o
 .debug_frame   0x00000654      0x198 Drivers\STM32F0xx_HAL_Driver\Src\stm32f0xx_hal_rcc.o
 .debug_frame   0x000007ec      0x810 Drivers\STM32F0xx_HAL_Driver\Src\stm32f0xx_hal_uart.o
 .debug_frame   0x00000ffc       0xa4 Src\main.o
 .debug_frame   0x000010a0       0x70 Src\stm32f0xx_hal_msp.o
 .debug_frame   0x00001110       0x9c Src\stm32f0xx_it.o
 .debug_frame   0x000011ac       0x4c Src\system_stm32f0xx.o
 .debug_frame   0x000011f8       0x2c c:/program files (x86)/atollic/truestudio for stm32 9.3.0/armtools/bin/../lib/gcc/arm-atollic-eabi/6.3.1/../../../../arm-atollic-eabi/lib/armv6-m\libc_nano.a(lib_a-init.o)
 .debug_frame   0x00001224       0x20 c:/program files (x86)/atollic/truestudio for stm32 9.3.0/armtools/bin/../lib/gcc/arm-atollic-eabi/6.3.1/../../../../arm-atollic-eabi/lib/armv6-m\libc_nano.a(lib_a-memset.o)
 .debug_frame   0x00001244       0x20 c:/program files (x86)/atollic/truestudio for stm32 9.3.0/armtools/bin/../lib/gcc/arm-atollic-eabi/6.3.1/armv6-m\libgcc.a(_udivsi3.o)
